#
# There is insufficient memory for the Java Runtime Environment to continue.
# Native memory allocation (malloc) failed to allocate 730016 bytes. Error detail: Chunk::new
# Possible reasons:
#   The system is out of physical RAM or swap space
#   This process is running with CompressedOops enabled, and the Java Heap may be blocking the growth of the native heap
# Possible solutions:
#   Reduce memory load on the system
#   Increase physical memory or swap space
#   Check if swap backing store is full
#   Decrease Java heap size (-Xmx/-Xms)
#   Decrease number of Java threads
#   Decrease Java thread stack sizes (-Xss)
#   Set larger code cache with -XX:ReservedCodeCacheSize=
#   JVM is running with Unscaled Compressed Oops mode in which the Java heap is
#     placed in the first 4GB address space. The Java Heap base address is the
#     maximum limit for the native heap growth. Please use -XX:HeapBaseMinAddress
#     to set the Java Heap base and to place the Java Heap above 4GB virtual address.
# This output file may be truncated or incomplete.
#
#  Out of Memory Error (arena.cpp:168), pid=29240, tid=29740
#
# JRE version: OpenJDK Runtime Environment Temurin-21.0.12.1+1 (21.0.12.1+1) (build 21.0.12.1+1-LTS)
# Java VM: OpenJDK 64-Bit Server VM Temurin-21.0.12.1+1 (21.0.12.1+1-LTS, mixed mode, sharing, tiered, compressed oops, compressed class ptrs, g1 gc, windows-amd64)
# No core dump will be written. Minidumps are not enabled by default on client versions of Windows
#

---------------  S U M M A R Y ------------

Command Line: --add-opens=java.base/java.util=ALL-UNNAMED --add-opens=java.base/java.lang=ALL-UNNAMED --add-opens=java.base/java.lang.invoke=ALL-UNNAMED --add-opens=java.prefs/java.util.prefs=ALL-UNNAMED --add-exports=jdk.compiler/com.sun.tools.javac.api=ALL-UNNAMED --add-exports=jdk.compiler/com.sun.tools.javac.util=ALL-UNNAMED --add-opens=java.base/java.nio.charset=ALL-UNNAMED --add-opens=java.base/java.net=ALL-UNNAMED --add-opens=java.base/java.util.concurrent.atomic=ALL-UNNAMED -XX:MaxMetaspaceSize=384m -XX:+HeapDumpOnOutOfMemoryError -Xms256m -Xmx512m -Dfile.encoding=utf8 -Duser.country=ZA -Duser.language=en -Duser.variant -javaagent:C:\Users\DELL\.gradle\wrapper\dists\gradle-8.9-bin\90cnw93cvbtalezasaz0blq0a\gradle-8.9\lib\agents\gradle-instrumentation-agent-8.9.jar org.gradle.launcher.daemon.bootstrap.GradleDaemon 8.9

Host: 11th Gen Intel(R) Core(TM) i7-1165G7 @ 2.80GHz, 8 cores, 7G,  Windows 11 , 64 bit Build 26100 (10.0.26100.9278)
Time: Wed Sep 23 12:50:54 2026 South Africa Standard Time elapsed time: 48.926133 seconds (0d 0h 0m 48s)

---------------  T H R E A D  ---------------

Current thread (0x000001dfbb4b4d40):  JavaThread "C2 CompilerThread0" daemon [_thread_in_native, id=29740, stack(0x0000002750700000,0x0000002750800000) (1024K)]


Current CompileTask:
C2:48926 6009       4       java.net.URLClassLoader$1::run (5 bytes)

Stack: [0x0000002750700000,0x0000002750800000]
Native frames: (J=compiled Java code, j=interpreted, Vv=VM code, C=native code)
V  [jvm.dll+0x6d83e9]
V  [jvm.dll+0x8b5736]
V  [jvm.dll+0x8b7cee]
V  [jvm.dll+0x8b83d3]
V  [jvm.dll+0x284596]
V  [jvm.dll+0xc685d]
V  [jvm.dll+0xc6da1]
V  [jvm.dll+0x2fb5ae]
V  [jvm.dll+0x5fee94]
V  [jvm.dll+0x255d67]
V  [jvm.dll+0x24e2ca]
V  [jvm.dll+0x24bbe6]
V  [jvm.dll+0x1cb4ae]
V  [jvm.dll+0x25baad]
V  [jvm.dll+0x25a03a]
V  [jvm.dll+0x3f8aae]
V  [jvm.dll+0x8600cd]
V  [jvm.dll+0x6d6c1d]
C  [ucrtbase.dll+0x2cd30]
C  [KERNEL32.DLL+0x2ccb7]
C  [ntdll.dll+0xacaec]


---------------  P R O C E S S  ---------------

Threads class SMR info:
_java_thread_list=0x000001dfd697af70, length=35, elements={
0x000001dfa5aeef50, 0x000001dfbb4acef0, 0x000001dfbb4ad950, 0x000001dfbb4b2090,
0x000001dfbb4b2af0, 0x000001dfbb4b3550, 0x000001dfbb4b3fb0, 0x000001dfbb4b4d40,
0x000001dfbb4ef610, 0x000001dfbb6d5b90, 0x000001dfbb783160, 0x000001dfd5883060,
0x000001dfd5ba1400, 0x000001dfd642e190, 0x000001dfd6425d90, 0x000001dfd5b66e70,
0x000001dfbb5ef1a0, 0x000001dfbb5ed870, 0x000001dfd6563b50, 0x000001dfd6562110,
0x000001dfd65641e0, 0x000001dfd65627a0, 0x000001dfd65634c0, 0x000001dfd65613f0,
0x000001dfd6560d60, 0x000001dfd6562e30, 0x000001dfd6fedca0, 0x000001dfd6fee330,
0x000001dfd6fee9c0, 0x000001dfd6fef050, 0x000001dfd6febbd0, 0x000001dfd6fef6e0,
0x000001dfd6fec260, 0x000001dfd6fefd70, 0x000001dfd6fec8f0
}

Java Threads: ( => current thread )
  0x000001dfa5aeef50 JavaThread "main"                              [_thread_blocked, id=31036, stack(0x000000274f900000,0x000000274fa00000) (1024K)]
  0x000001dfbb4acef0 JavaThread "Reference Handler"          daemon [_thread_blocked, id=8308, stack(0x0000002750100000,0x0000002750200000) (1024K)]
  0x000001dfbb4ad950 JavaThread "Finalizer"                  daemon [_thread_blocked, id=21996, stack(0x0000002750200000,0x0000002750300000) (1024K)]
  0x000001dfbb4b2090 JavaThread "Signal Dispatcher"          daemon [_thread_blocked, id=14348, stack(0x0000002750300000,0x0000002750400000) (1024K)]
  0x000001dfbb4b2af0 JavaThread "Attach Listener"            daemon [_thread_blocked, id=32284, stack(0x0000002750400000,0x0000002750500000) (1024K)]
  0x000001dfbb4b3550 JavaThread "Service Thread"             daemon [_thread_blocked, id=28804, stack(0x0000002750500000,0x0000002750600000) (1024K)]
  0x000001dfbb4b3fb0 JavaThread "Monitor Deflation Thread"   daemon [_thread_blocked, id=8452, stack(0x0000002750600000,0x0000002750700000) (1024K)]
=>0x000001dfbb4b4d40 JavaThread "C2 CompilerThread0"         daemon [_thread_in_native, id=29740, stack(0x0000002750700000,0x0000002750800000) (1024K)]
  0x000001dfbb4ef610 JavaThread "C1 CompilerThread0"         daemon [_thread_blocked, id=1812, stack(0x0000002750800000,0x0000002750900000) (1024K)]
  0x000001dfbb6d5b90 JavaThread "Common-Cleaner"             daemon [_thread_blocked, id=15380, stack(0x0000002750900000,0x0000002750a00000) (1024K)]
  0x000001dfbb783160 JavaThread "Notification Thread"        daemon [_thread_blocked, id=18032, stack(0x0000002750a00000,0x0000002750b00000) (1024K)]
  0x000001dfd5883060 JavaThread "Daemon health stats"               [_thread_blocked, id=23880, stack(0x0000002751000000,0x0000002751100000) (1024K)]
  0x000001dfd5ba1400 JavaThread "Incoming local TCP Connector on port 50833"        [_thread_in_native, id=34948, stack(0x0000002751100000,0x0000002751200000) (1024K)]
  0x000001dfd642e190 JavaThread "Daemon periodic checks"            [_thread_blocked, id=32788, stack(0x0000002751200000,0x0000002751300000) (1024K)]
  0x000001dfd6425d90 JavaThread "Daemon"                            [_thread_blocked, id=33460, stack(0x0000002751300000,0x0000002751400000) (1024K)]
  0x000001dfd5b66e70 JavaThread "Handler for socket connection from /127.0.0.1:50833 to /127.0.0.1:50834"        [_thread_in_native, id=6132, stack(0x0000002751400000,0x0000002751500000) (1024K)]
  0x000001dfbb5ef1a0 JavaThread "Cancel handler"                    [_thread_blocked, id=21516, stack(0x0000002751500000,0x0000002751600000) (1024K)]
  0x000001dfbb5ed870 JavaThread "Daemon worker"                     [_thread_in_vm, id=21076, stack(0x0000002751600000,0x0000002751700000) (1024K)]
  0x000001dfd6563b50 JavaThread "Asynchronous log dispatcher for DefaultDaemonConnection: socket connection from /127.0.0.1:50833 to /127.0.0.1:50834"        [_thread_blocked, id=26244, stack(0x0000002751700000,0x0000002751800000) (1024K)]
  0x000001dfd6562110 JavaThread "Stdin handler"                     [_thread_blocked, id=20888, stack(0x0000002751800000,0x0000002751900000) (1024K)]
  0x000001dfd65641e0 JavaThread "Daemon client event forwarder"        [_thread_blocked, id=30232, stack(0x0000002751900000,0x0000002751a00000) (1024K)]
  0x000001dfd65627a0 JavaThread "Cache worker for journal cache (C:\Users\DELL\.gradle\caches\journal-1)"        [_thread_blocked, id=1860, stack(0x0000002751a00000,0x0000002751b00000) (1024K)]
  0x000001dfd65634c0 JavaThread "File lock request listener"        [_thread_in_native, id=8212, stack(0x0000002751b00000,0x0000002751c00000) (1024K)]
  0x000001dfd65613f0 JavaThread "File lock release action executor"        [_thread_blocked, id=10588, stack(0x0000002751c00000,0x0000002751d00000) (1024K)]
  0x000001dfd6560d60 JavaThread "Cache worker for file hash cache (C:\Users\DELL\.gradle\caches\8.9\fileHashes)"        [_thread_blocked, id=24228, stack(0x0000002751d00000,0x0000002751e00000) (1024K)]
  0x000001dfd6562e30 JavaThread "Cache worker for file hash cache (C:\Users\DELL\OneDrive\Documents\myschoolrunapp\guardian\node_modules\expo\android\.gradle\8.9\fileHashes)"        [_thread_blocked, id=2476, stack(0x0000002752100000,0x0000002752200000) (1024K)]
  0x000001dfd6fedca0 JavaThread "Cache worker for Build Output Cleanup Cache (C:\Users\DELL\OneDrive\Documents\myschoolrunapp\guardian\node_modules\expo\android\.gradle\buildOutputCleanup)"        [_thread_blocked, id=32644, stack(0x0000002752200000,0x0000002752300000) (1024K)]
  0x000001dfd6fee330 JavaThread "File watcher server"        daemon [_thread_in_native, id=17132, stack(0x0000002752300000,0x0000002752400000) (1024K)]
  0x000001dfd6fee9c0 JavaThread "File watcher consumer"      daemon [_thread_blocked, id=16720, stack(0x0000002752400000,0x0000002752500000) (1024K)]
  0x000001dfd6fef050 JavaThread "Cache worker for checksums cache (C:\Users\DELL\OneDrive\Documents\myschoolrunapp\guardian\node_modules\expo\android\.gradle\8.9\checksums)"        [_thread_blocked, id=23644, stack(0x0000002752500000,0x0000002752600000) (1024K)]
  0x000001dfd6febbd0 JavaThread "Cache worker for file content cache (C:\Users\DELL\.gradle\caches\8.9\fileContent)"        [_thread_blocked, id=25160, stack(0x0000002752600000,0x0000002752700000) (1024K)]
  0x000001dfd6fef6e0 JavaThread "Cache worker for cache directory md-rule (C:\Users\DELL\.gradle\caches\8.9\md-rule)"        [_thread_blocked, id=20024, stack(0x0000002752700000,0x0000002752800000) (1024K)]
  0x000001dfd6fec260 JavaThread "Cache worker for cache directory md-supplier (C:\Users\DELL\.gradle\caches\8.9\md-supplier)"        [_thread_blocked, id=18868, stack(0x0000002752800000,0x0000002752900000) (1024K)]
  0x000001dfd6fefd70 JavaThread "jar transforms"                    [_thread_blocked, id=23308, stack(0x0000002752900000,0x0000002752a00000) (1024K)]
  0x000001dfd6fec8f0 JavaThread "jar transforms Thread 2"           [_thread_blocked, id=32848, stack(0x0000002752a00000,0x0000002752b00000) (1024K)]
Total: 35

Other Threads:
  0x000001dfbb484d40 VMThread "VM Thread"                           [id=28476, stack(0x0000002750000000,0x0000002750100000) (1024K)]
  0x000001dfbb475800 WatcherThread "VM Periodic Task Thread"        [id=22716, stack(0x000000274ff00000,0x0000002750000000) (1024K)]
  0x000001dfa5b19ad0 WorkerThread "GC Thread#0"                     [id=12256, stack(0x000000274fa00000,0x000000274fb00000) (1024K)]
  0x000001dfd55fb310 WorkerThread "GC Thread#1"                     [id=18996, stack(0x0000002750b00000,0x0000002750c00000) (1024K)]
  0x000001dfd52bcae0 WorkerThread "GC Thread#2"                     [id=12676, stack(0x0000002750c00000,0x0000002750d00000) (1024K)]
  0x000001dfd561f7b0 WorkerThread "GC Thread#3"                     [id=22932, stack(0x0000002750d00000,0x0000002750e00000) (1024K)]
  0x000001dfd56d5870 WorkerThread "GC Thread#4"                     [id=9848, stack(0x0000002750e00000,0x0000002750f00000) (1024K)]
  0x000001dfd56d5c20 WorkerThread "GC Thread#5"                     [id=18952, stack(0x0000002750f00000,0x0000002751000000) (1024K)]
  0x000001dfd6c5b4f0 WorkerThread "GC Thread#6"                     [id=24168, stack(0x0000002751e00000,0x0000002751f00000) (1024K)]
  0x000001dfd6c59ed0 WorkerThread "GC Thread#7"                     [id=23792, stack(0x0000002751f00000,0x0000002752000000) (1024K)]
  0x000001dfa5b1e8d0 ConcurrentGCThread "G1 Main Marker"            [id=7048, stack(0x000000274fb00000,0x000000274fc00000) (1024K)]
  0x000001dfa5b1f1f0 WorkerThread "G1 Conc#0"                       [id=34324, stack(0x000000274fc00000,0x000000274fd00000) (1024K)]
  0x000001dfd6c5c760 WorkerThread "G1 Conc#1"                       [id=4304, stack(0x0000002752000000,0x0000002752100000) (1024K)]
  0x000001dfbb3434e0 ConcurrentGCThread "G1 Refine#0"               [id=32344, stack(0x000000274fd00000,0x000000274fe00000) (1024K)]
  0x000001dfbb343d10 ConcurrentGCThread "G1 Service"                [id=18772, stack(0x000000274fe00000,0x000000274ff00000) (1024K)]
Total: 15

Threads with active compile tasks:
C2 CompilerThread0  48976 6009       4       java.net.URLClassLoader$1::run (5 bytes)
C1 CompilerThread0  48976 6051       3       org.gradle.internal.reflect.MutablePropertyDetails::addGetter (9 bytes)
Total: 2

VM state: not at safepoint (normal execution)

VM Mutex/Monitor currently owned by a thread:  ([mutex/lock_event])
[0x00007ffa44e6e0b0] MethodCompileQueue_lock - owner thread: 0x000001dfbb4ef610
[0x00007ffa44e6e130] CompileStatistics_lock - owner thread: 0x0000000000000000

Heap address: 0x00000000e0000000, size: 512 MB, Compressed Oops mode: 32-bit

CDS archive(s) mapped at: [0x000001dfbc000000-0x000001dfbcba0000-0x000001dfbcba0000), size 12189696, SharedBaseAddress: 0x000001dfbc000000, ArchiveRelocationMode: 1.
Compressed class space mapped at: 0x000001dfbd000000-0x000001dfd1000000, reserved size: 335544320
Narrow klass base: 0x000001dfbc000000, Narrow klass shift: 0, Narrow klass range: 0x100000000

GC Precious Log:
 CardTable entry size: 512
 Card Set container configuration: InlinePtr #cards 5 size 8 Array Of Cards #cards 12 size 40 Howl #buckets 4 coarsen threshold 1843 Howl Bitmap #cards 512 size 80 coarsen threshold 460 Card regions per heap region 1 cards per card region 2048
 CPUs: 8 total, 8 available
 Memory: 7926M
 Large Page Support: Disabled
 NUMA Support: Disabled
 Compressed Oops: Enabled (32-bit)
 Heap Region Size: 1M
 Heap Min Capacity: 256M
 Heap Initial Capacity: 256M
 Heap Max Capacity: 512M
 Pre-touch: Disabled
 Parallel Workers: 8
 Concurrent Workers: 2
 Concurrent Refinement Workers: 8
 Periodic GC: Disabled

Heap:
 garbage-first heap   total 262144K, used 102977K [0x00000000e0000000, 0x0000000100000000)
  region size 1024K, 64 young (65536K), 8 survivors (8192K)
 Metaspace       used 44099K, committed 45376K, reserved 393216K
  class space    used 6290K, committed 6912K, reserved 327680K

Heap Regions: E=young(eden), S=young(survivor), O=old, HS=humongous(starts), HC=humongous(continues), CS=collection set, F=free, TAMS=top-at-mark-start, PB=parsable bottom
|   0|0x00000000e0000000, 0x00000000e0100000, 0x00000000e0100000|100%|HS|  |TAMS 0x00000000e0000000| PB 0x00000000e0000000| Complete 
|   1|0x00000000e0100000, 0x00000000e0200000, 0x00000000e0200000|100%|HC|  |TAMS 0x00000000e0100000| PB 0x00000000e0100000| Complete 
|   2|0x00000000e0200000, 0x00000000e0300000, 0x00000000e0300000|100%|HC|  |TAMS 0x00000000e0200000| PB 0x00000000e0200000| Complete 
|   3|0x00000000e0300000, 0x00000000e0400000, 0x00000000e0400000|100%|HC|  |TAMS 0x00000000e0300000| PB 0x00000000e0300000| Complete 
|   4|0x00000000e0400000, 0x00000000e0500000, 0x00000000e0500000|100%| O|  |TAMS 0x00000000e0400000| PB 0x00000000e0400000| Untracked 
|   5|0x00000000e0500000, 0x00000000e0600000, 0x00000000e0600000|100%| O|  |TAMS 0x00000000e0500000| PB 0x00000000e0500000| Untracked 
|   6|0x00000000e0600000, 0x00000000e0700000, 0x00000000e0700000|100%| O|  |TAMS 0x00000000e0600000| PB 0x00000000e0600000| Untracked 
|   7|0x00000000e0700000, 0x00000000e0800000, 0x00000000e0800000|100%| O|  |TAMS 0x00000000e0700000| PB 0x00000000e0700000| Untracked 
|   8|0x00000000e0800000, 0x00000000e0900000, 0x00000000e0900000|100%| O|  |TAMS 0x00000000e0800000| PB 0x00000000e0800000| Untracked 
|   9|0x00000000e0900000, 0x00000000e0a00000, 0x00000000e0a00000|100%| O|  |TAMS 0x00000000e0900000| PB 0x00000000e0900000| Untracked 
|  10|0x00000000e0a00000, 0x00000000e0b00000, 0x00000000e0b00000|100%| O|  |TAMS 0x00000000e0a00000| PB 0x00000000e0a00000| Untracked 
|  11|0x00000000e0b00000, 0x00000000e0c00000, 0x00000000e0c00000|100%|HS|  |TAMS 0x00000000e0b00000| PB 0x00000000e0b00000| Complete 
|  12|0x00000000e0c00000, 0x00000000e0d00000, 0x00000000e0d00000|100%| O|  |TAMS 0x00000000e0c00000| PB 0x00000000e0c00000| Untracked 
|  13|0x00000000e0d00000, 0x00000000e0e00000, 0x00000000e0e00000|100%| O|  |TAMS 0x00000000e0d00000| PB 0x00000000e0d00000| Untracked 
|  14|0x00000000e0e00000, 0x00000000e0f00000, 0x00000000e0f00000|100%| O|  |TAMS 0x00000000e0e00000| PB 0x00000000e0e00000| Untracked 
|  15|0x00000000e0f00000, 0x00000000e1000000, 0x00000000e1000000|100%| O|  |TAMS 0x00000000e0f00000| PB 0x00000000e0f00000| Untracked 
|  16|0x00000000e1000000, 0x00000000e1100000, 0x00000000e1100000|100%| O|  |TAMS 0x00000000e1000000| PB 0x00000000e1000000| Untracked 
|  17|0x00000000e1100000, 0x00000000e1200000, 0x00000000e1200000|100%| O|  |TAMS 0x00000000e1100000| PB 0x00000000e1100000| Untracked 
|  18|0x00000000e1200000, 0x00000000e1300000, 0x00000000e1300000|100%| O|  |TAMS 0x00000000e1200000| PB 0x00000000e1200000| Untracked 
|  19|0x00000000e1300000, 0x00000000e1400000, 0x00000000e1400000|100%| O|  |TAMS 0x00000000e1300000| PB 0x00000000e1300000| Untracked 
|  20|0x00000000e1400000, 0x00000000e1500000, 0x00000000e1500000|100%| O|  |TAMS 0x00000000e1400000| PB 0x00000000e1400000| Untracked 
|  21|0x00000000e1500000, 0x00000000e1600000, 0x00000000e1600000|100%| O|  |TAMS 0x00000000e1500000| PB 0x00000000e1500000| Untracked 
|  22|0x00000000e1600000, 0x00000000e1700000, 0x00000000e1700000|100%| O|  |TAMS 0x00000000e1600000| PB 0x00000000e1600000| Untracked 
|  23|0x00000000e1700000, 0x00000000e1800000, 0x00000000e1800000|100%| O|  |TAMS 0x00000000e1700000| PB 0x00000000e1700000| Untracked 
|  24|0x00000000e1800000, 0x00000000e1900000, 0x00000000e1900000|100%| O|Cm|TAMS 0x00000000e1800000| PB 0x00000000e1800000| Complete 
|  25|0x00000000e1900000, 0x00000000e1a00000, 0x00000000e1a00000|100%| O|  |TAMS 0x00000000e1900000| PB 0x00000000e1900000| Untracked 
|  26|0x00000000e1a00000, 0x00000000e1b00000, 0x00000000e1b00000|100%| O|  |TAMS 0x00000000e1a00000| PB 0x00000000e1a00000| Untracked 
|  27|0x00000000e1b00000, 0x00000000e1c00000, 0x00000000e1c00000|100%| O|  |TAMS 0x00000000e1b00000| PB 0x00000000e1b00000| Untracked 
|  28|0x00000000e1c00000, 0x00000000e1d00000, 0x00000000e1d00000|100%| O|  |TAMS 0x00000000e1c00000| PB 0x00000000e1c00000| Untracked 
|  29|0x00000000e1d00000, 0x00000000e1e00000, 0x00000000e1e00000|100%| O|  |TAMS 0x00000000e1d00000| PB 0x00000000e1d00000| Untracked 
|  30|0x00000000e1e00000, 0x00000000e1f00000, 0x00000000e1f00000|100%| O|  |TAMS 0x00000000e1e00000| PB 0x00000000e1e00000| Untracked 
|  31|0x00000000e1f00000, 0x00000000e2000000, 0x00000000e2000000|100%| O|  |TAMS 0x00000000e1f00000| PB 0x00000000e1f00000| Untracked 
|  32|0x00000000e2000000, 0x00000000e2090480, 0x00000000e2100000| 56%| O|  |TAMS 0x00000000e2000000| PB 0x00000000e2000000| Untracked 
|  33|0x00000000e2100000, 0x00000000e2200000, 0x00000000e2200000|100%|HS|  |TAMS 0x00000000e2100000| PB 0x00000000e2100000| Complete 
|  34|0x00000000e2200000, 0x00000000e2300000, 0x00000000e2300000|100%|HS|  |TAMS 0x00000000e2200000| PB 0x00000000e2200000| Complete 
|  35|0x00000000e2300000, 0x00000000e2400000, 0x00000000e2400000|100%|HC|  |TAMS 0x00000000e2300000| PB 0x00000000e2300000| Complete 
|  36|0x00000000e2400000, 0x00000000e2500000, 0x00000000e2500000|100%|HS|  |TAMS 0x00000000e2400000| PB 0x00000000e2400000| Complete 
|  37|0x00000000e2500000, 0x00000000e2600000, 0x00000000e2600000|100%|HC|  |TAMS 0x00000000e2500000| PB 0x00000000e2500000| Complete 
|  38|0x00000000e2600000, 0x00000000e2600000, 0x00000000e2700000|  0%| F|  |TAMS 0x00000000e2600000| PB 0x00000000e2600000| Untracked 
|  39|0x00000000e2700000, 0x00000000e2700000, 0x00000000e2800000|  0%| F|  |TAMS 0x00000000e2700000| PB 0x00000000e2700000| Untracked 
|  40|0x00000000e2800000, 0x00000000e2800000, 0x00000000e2900000|  0%| F|  |TAMS 0x00000000e2800000| PB 0x00000000e2800000| Untracked 
|  41|0x00000000e2900000, 0x00000000e2900000, 0x00000000e2a00000|  0%| F|  |TAMS 0x00000000e2900000| PB 0x00000000e2900000| Untracked 
|  42|0x00000000e2a00000, 0x00000000e2a00000, 0x00000000e2b00000|  0%| F|  |TAMS 0x00000000e2a00000| PB 0x00000000e2a00000| Untracked 
|  43|0x00000000e2b00000, 0x00000000e2b00000, 0x00000000e2c00000|  0%| F|  |TAMS 0x00000000e2b00000| PB 0x00000000e2b00000| Untracked 
|  44|0x00000000e2c00000, 0x00000000e2c00000, 0x00000000e2d00000|  0%| F|  |TAMS 0x00000000e2c00000| PB 0x00000000e2c00000| Untracked 
|  45|0x00000000e2d00000, 0x00000000e2d00000, 0x00000000e2e00000|  0%| F|  |TAMS 0x00000000e2d00000| PB 0x00000000e2d00000| Untracked 
|  46|0x00000000e2e00000, 0x00000000e2e00000, 0x00000000e2f00000|  0%| F|  |TAMS 0x00000000e2e00000| PB 0x00000000e2e00000| Untracked 
|  47|0x00000000e2f00000, 0x00000000e2f00000, 0x00000000e3000000|  0%| F|  |TAMS 0x00000000e2f00000| PB 0x00000000e2f00000| Untracked 
|  48|0x00000000e3000000, 0x00000000e3000000, 0x00000000e3100000|  0%| F|  |TAMS 0x00000000e3000000| PB 0x00000000e3000000| Untracked 
|  49|0x00000000e3100000, 0x00000000e3100000, 0x00000000e3200000|  0%| F|  |TAMS 0x00000000e3100000| PB 0x00000000e3100000| Untracked 
|  50|0x00000000e3200000, 0x00000000e3200000, 0x00000000e3300000|  0%| F|  |TAMS 0x00000000e3200000| PB 0x00000000e3200000| Untracked 
|  51|0x00000000e3300000, 0x00000000e3300000, 0x00000000e3400000|  0%| F|  |TAMS 0x00000000e3300000| PB 0x00000000e3300000| Untracked 
|  52|0x00000000e3400000, 0x00000000e3400000, 0x00000000e3500000|  0%| F|  |TAMS 0x00000000e3400000| PB 0x00000000e3400000| Untracked 
|  53|0x00000000e3500000, 0x00000000e3500000, 0x00000000e3600000|  0%| F|  |TAMS 0x00000000e3500000| PB 0x00000000e3500000| Untracked 
|  54|0x00000000e3600000, 0x00000000e3600000, 0x00000000e3700000|  0%| F|  |TAMS 0x00000000e3600000| PB 0x00000000e3600000| Untracked 
|  55|0x00000000e3700000, 0x00000000e3700000, 0x00000000e3800000|  0%| F|  |TAMS 0x00000000e3700000| PB 0x00000000e3700000| Untracked 
|  56|0x00000000e3800000, 0x00000000e3800000, 0x00000000e3900000|  0%| F|  |TAMS 0x00000000e3800000| PB 0x00000000e3800000| Untracked 
|  57|0x00000000e3900000, 0x00000000e3900000, 0x00000000e3a00000|  0%| F|  |TAMS 0x00000000e3900000| PB 0x00000000e3900000| Untracked 
|  58|0x00000000e3a00000, 0x00000000e3a00000, 0x00000000e3b00000|  0%| F|  |TAMS 0x00000000e3a00000| PB 0x00000000e3a00000| Untracked 
|  59|0x00000000e3b00000, 0x00000000e3b00000, 0x00000000e3c00000|  0%| F|  |TAMS 0x00000000e3b00000| PB 0x00000000e3b00000| Untracked 
|  60|0x00000000e3c00000, 0x00000000e3c00000, 0x00000000e3d00000|  0%| F|  |TAMS 0x00000000e3c00000| PB 0x00000000e3c00000| Untracked 
|  61|0x00000000e3d00000, 0x00000000e3d00000, 0x00000000e3e00000|  0%| F|  |TAMS 0x00000000e3d00000| PB 0x00000000e3d00000| Untracked 
|  62|0x00000000e3e00000, 0x00000000e3e00000, 0x00000000e3f00000|  0%| F|  |TAMS 0x00000000e3e00000| PB 0x00000000e3e00000| Untracked 
|  63|0x00000000e3f00000, 0x00000000e3f00000, 0x00000000e4000000|  0%| F|  |TAMS 0x00000000e3f00000| PB 0x00000000e3f00000| Untracked 
|  64|0x00000000e4000000, 0x00000000e4000000, 0x00000000e4100000|  0%| F|  |TAMS 0x00000000e4000000| PB 0x00000000e4000000| Untracked 
|  65|0x00000000e4100000, 0x00000000e4100000, 0x00000000e4200000|  0%| F|  |TAMS 0x00000000e4100000| PB 0x00000000e4100000| Untracked 
|  66|0x00000000e4200000, 0x00000000e4200000, 0x00000000e4300000|  0%| F|  |TAMS 0x00000000e4200000| PB 0x00000000e4200000| Untracked 
|  67|0x00000000e4300000, 0x00000000e4300000, 0x00000000e4400000|  0%| F|  |TAMS 0x00000000e4300000| PB 0x00000000e4300000| Untracked 
|  68|0x00000000e4400000, 0x00000000e4400000, 0x00000000e4500000|  0%| F|  |TAMS 0x00000000e4400000| PB 0x00000000e4400000| Untracked 
|  69|0x00000000e4500000, 0x00000000e4500000, 0x00000000e4600000|  0%| F|  |TAMS 0x00000000e4500000| PB 0x00000000e4500000| Untracked 
|  70|0x00000000e4600000, 0x00000000e4600000, 0x00000000e4700000|  0%| F|  |TAMS 0x00000000e4600000| PB 0x00000000e4600000| Untracked 
|  71|0x00000000e4700000, 0x00000000e4700000, 0x00000000e4800000|  0%| F|  |TAMS 0x00000000e4700000| PB 0x00000000e4700000| Untracked 
|  72|0x00000000e4800000, 0x00000000e4800000, 0x00000000e4900000|  0%| F|  |TAMS 0x00000000e4800000| PB 0x00000000e4800000| Untracked 
|  73|0x00000000e4900000, 0x00000000e4900000, 0x00000000e4a00000|  0%| F|  |TAMS 0x00000000e4900000| PB 0x00000000e4900000| Untracked 
|  74|0x00000000e4a00000, 0x00000000e4a00000, 0x00000000e4b00000|  0%| F|  |TAMS 0x00000000e4a00000| PB 0x00000000e4a00000| Untracked 
|  75|0x00000000e4b00000, 0x00000000e4b00000, 0x00000000e4c00000|  0%| F|  |TAMS 0x00000000e4b00000| PB 0x00000000e4b00000| Untracked 
|  76|0x00000000e4c00000, 0x00000000e4c00000, 0x00000000e4d00000|  0%| F|  |TAMS 0x00000000e4c00000| PB 0x00000000e4c00000| Untracked 
|  77|0x00000000e4d00000, 0x00000000e4d00000, 0x00000000e4e00000|  0%| F|  |TAMS 0x00000000e4d00000| PB 0x00000000e4d00000| Untracked 
|  78|0x00000000e4e00000, 0x00000000e4e00000, 0x00000000e4f00000|  0%| F|  |TAMS 0x00000000e4e00000| PB 0x00000000e4e00000| Untracked 
|  79|0x00000000e4f00000, 0x00000000e4f00000, 0x00000000e5000000|  0%| F|  |TAMS 0x00000000e4f00000| PB 0x00000000e4f00000| Untracked 
|  80|0x00000000e5000000, 0x00000000e5000000, 0x00000000e5100000|  0%| F|  |TAMS 0x00000000e5000000| PB 0x00000000e5000000| Untracked 
|  81|0x00000000e5100000, 0x00000000e5100000, 0x00000000e5200000|  0%| F|  |TAMS 0x00000000e5100000| PB 0x00000000e5100000| Untracked 
|  82|0x00000000e5200000, 0x00000000e5200000, 0x00000000e5300000|  0%| F|  |TAMS 0x00000000e5200000| PB 0x00000000e5200000| Untracked 
|  83|0x00000000e5300000, 0x00000000e5300000, 0x00000000e5400000|  0%| F|  |TAMS 0x00000000e5300000| PB 0x00000000e5300000| Untracked 
|  84|0x00000000e5400000, 0x00000000e5400000, 0x00000000e5500000|  0%| F|  |TAMS 0x00000000e5400000| PB 0x00000000e5400000| Untracked 
|  85|0x00000000e5500000, 0x00000000e5500000, 0x00000000e5600000|  0%| F|  |TAMS 0x00000000e5500000| PB 0x00000000e5500000| Untracked 
|  86|0x00000000e5600000, 0x00000000e5600000, 0x00000000e5700000|  0%| F|  |TAMS 0x00000000e5600000| PB 0x00000000e5600000| Untracked 
|  87|0x00000000e5700000, 0x00000000e5700000, 0x00000000e5800000|  0%| F|  |TAMS 0x00000000e5700000| PB 0x00000000e5700000| Untracked 
|  88|0x00000000e5800000, 0x00000000e5800000, 0x00000000e5900000|  0%| F|  |TAMS 0x00000000e5800000| PB 0x00000000e5800000| Untracked 
|  89|0x00000000e5900000, 0x00000000e5900000, 0x00000000e5a00000|  0%| F|  |TAMS 0x00000000e5900000| PB 0x00000000e5900000| Untracked 
|  90|0x00000000e5a00000, 0x00000000e5a00000, 0x00000000e5b00000|  0%| F|  |TAMS 0x00000000e5a00000| PB 0x00000000e5a00000| Untracked 
|  91|0x00000000e5b00000, 0x00000000e5b00000, 0x00000000e5c00000|  0%| F|  |TAMS 0x00000000e5b00000| PB 0x00000000e5b00000| Untracked 
|  92|0x00000000e5c00000, 0x00000000e5c00000, 0x00000000e5d00000|  0%| F|  |TAMS 0x00000000e5c00000| PB 0x00000000e5c00000| Untracked 
|  93|0x00000000e5d00000, 0x00000000e5d00000, 0x00000000e5e00000|  0%| F|  |TAMS 0x00000000e5d00000| PB 0x00000000e5d00000| Untracked 
|  94|0x00000000e5e00000, 0x00000000e5e00000, 0x00000000e5f00000|  0%| F|  |TAMS 0x00000000e5e00000| PB 0x00000000e5e00000| Untracked 
|  95|0x00000000e5f00000, 0x00000000e5f00000, 0x00000000e6000000|  0%| F|  |TAMS 0x00000000e5f00000| PB 0x00000000e5f00000| Untracked 
|  96|0x00000000e6000000, 0x00000000e6000000, 0x00000000e6100000|  0%| F|  |TAMS 0x00000000e6000000| PB 0x00000000e6000000| Untracked 
|  97|0x00000000e6100000, 0x00000000e6100000, 0x00000000e6200000|  0%| F|  |TAMS 0x00000000e6100000| PB 0x00000000e6100000| Untracked 
|  98|0x00000000e6200000, 0x00000000e6200000, 0x00000000e6300000|  0%| F|  |TAMS 0x00000000e6200000| PB 0x00000000e6200000| Untracked 
|  99|0x00000000e6300000, 0x00000000e6300000, 0x00000000e6400000|  0%| F|  |TAMS 0x00000000e6300000| PB 0x00000000e6300000| Untracked 
| 100|0x00000000e6400000, 0x00000000e6400000, 0x00000000e6500000|  0%| F|  |TAMS 0x00000000e6400000| PB 0x00000000e6400000| Untracked 
| 101|0x00000000e6500000, 0x00000000e6500000, 0x00000000e6600000|  0%| F|  |TAMS 0x00000000e6500000| PB 0x00000000e6500000| Untracked 
| 102|0x00000000e6600000, 0x00000000e6600000, 0x00000000e6700000|  0%| F|  |TAMS 0x00000000e6600000| PB 0x00000000e6600000| Untracked 
| 103|0x00000000e6700000, 0x00000000e6700000, 0x00000000e6800000|  0%| F|  |TAMS 0x00000000e6700000| PB 0x00000000e6700000| Untracked 
| 104|0x00000000e6800000, 0x00000000e6800000, 0x00000000e6900000|  0%| F|  |TAMS 0x00000000e6800000| PB 0x00000000e6800000| Untracked 
| 105|0x00000000e6900000, 0x00000000e6900000, 0x00000000e6a00000|  0%| F|  |TAMS 0x00000000e6900000| PB 0x00000000e6900000| Untracked 
| 106|0x00000000e6a00000, 0x00000000e6a00000, 0x00000000e6b00000|  0%| F|  |TAMS 0x00000000e6a00000| PB 0x00000000e6a00000| Untracked 
| 107|0x00000000e6b00000, 0x00000000e6b00000, 0x00000000e6c00000|  0%| F|  |TAMS 0x00000000e6b00000| PB 0x00000000e6b00000| Untracked 
| 108|0x00000000e6c00000, 0x00000000e6c00000, 0x00000000e6d00000|  0%| F|  |TAMS 0x00000000e6c00000| PB 0x00000000e6c00000| Untracked 
| 109|0x00000000e6d00000, 0x00000000e6d00000, 0x00000000e6e00000|  0%| F|  |TAMS 0x00000000e6d00000| PB 0x00000000e6d00000| Untracked 
| 110|0x00000000e6e00000, 0x00000000e6e00000, 0x00000000e6f00000|  0%| F|  |TAMS 0x00000000e6e00000| PB 0x00000000e6e00000| Untracked 
| 111|0x00000000e6f00000, 0x00000000e6f00000, 0x00000000e7000000|  0%| F|  |TAMS 0x00000000e6f00000| PB 0x00000000e6f00000| Untracked 
| 112|0x00000000e7000000, 0x00000000e7000000, 0x00000000e7100000|  0%| F|  |TAMS 0x00000000e7000000| PB 0x00000000e7000000| Untracked 
| 113|0x00000000e7100000, 0x00000000e7100000, 0x00000000e7200000|  0%| F|  |TAMS 0x00000000e7100000| PB 0x00000000e7100000| Untracked 
| 114|0x00000000e7200000, 0x00000000e7200000, 0x00000000e7300000|  0%| F|  |TAMS 0x00000000e7200000| PB 0x00000000e7200000| Untracked 
| 115|0x00000000e7300000, 0x00000000e7300000, 0x00000000e7400000|  0%| F|  |TAMS 0x00000000e7300000| PB 0x00000000e7300000| Untracked 
| 116|0x00000000e7400000, 0x00000000e7400000, 0x00000000e7500000|  0%| F|  |TAMS 0x00000000e7400000| PB 0x00000000e7400000| Untracked 
| 117|0x00000000e7500000, 0x00000000e7500000, 0x00000000e7600000|  0%| F|  |TAMS 0x00000000e7500000| PB 0x00000000e7500000| Untracked 
| 118|0x00000000e7600000, 0x00000000e7600000, 0x00000000e7700000|  0%| F|  |TAMS 0x00000000e7600000| PB 0x00000000e7600000| Untracked 
| 119|0x00000000e7700000, 0x00000000e7700000, 0x00000000e7800000|  0%| F|  |TAMS 0x00000000e7700000| PB 0x00000000e7700000| Untracked 
| 120|0x00000000e7800000, 0x00000000e7800000, 0x00000000e7900000|  0%| F|  |TAMS 0x00000000e7800000| PB 0x00000000e7800000| Untracked 
| 121|0x00000000e7900000, 0x00000000e7900000, 0x00000000e7a00000|  0%| F|  |TAMS 0x00000000e7900000| PB 0x00000000e7900000| Untracked 
| 122|0x00000000e7a00000, 0x00000000e7a00000, 0x00000000e7b00000|  0%| F|  |TAMS 0x00000000e7a00000| PB 0x00000000e7a00000| Untracked 
| 123|0x00000000e7b00000, 0x00000000e7b00000, 0x00000000e7c00000|  0%| F|  |TAMS 0x00000000e7b00000| PB 0x00000000e7b00000| Untracked 
| 124|0x00000000e7c00000, 0x00000000e7c00000, 0x00000000e7d00000|  0%| F|  |TAMS 0x00000000e7c00000| PB 0x00000000e7c00000| Untracked 
| 125|0x00000000e7d00000, 0x00000000e7d00000, 0x00000000e7e00000|  0%| F|  |TAMS 0x00000000e7d00000| PB 0x00000000e7d00000| Untracked 
| 126|0x00000000e7e00000, 0x00000000e7e00000, 0x00000000e7f00000|  0%| F|  |TAMS 0x00000000e7e00000| PB 0x00000000e7e00000| Untracked 
| 127|0x00000000e7f00000, 0x00000000e7f00000, 0x00000000e8000000|  0%| F|  |TAMS 0x00000000e7f00000| PB 0x00000000e7f00000| Untracked 
| 128|0x00000000e8000000, 0x00000000e8000000, 0x00000000e8100000|  0%| F|  |TAMS 0x00000000e8000000| PB 0x00000000e8000000| Untracked 
| 129|0x00000000e8100000, 0x00000000e8100000, 0x00000000e8200000|  0%| F|  |TAMS 0x00000000e8100000| PB 0x00000000e8100000| Untracked 
| 130|0x00000000e8200000, 0x00000000e8200000, 0x00000000e8300000|  0%| F|  |TAMS 0x00000000e8200000| PB 0x00000000e8200000| Untracked 
| 131|0x00000000e8300000, 0x00000000e8300000, 0x00000000e8400000|  0%| F|  |TAMS 0x00000000e8300000| PB 0x00000000e8300000| Untracked 
| 132|0x00000000e8400000, 0x00000000e8400000, 0x00000000e8500000|  0%| F|  |TAMS 0x00000000e8400000| PB 0x00000000e8400000| Untracked 
| 133|0x00000000e8500000, 0x00000000e8500000, 0x00000000e8600000|  0%| F|  |TAMS 0x00000000e8500000| PB 0x00000000e8500000| Untracked 
| 134|0x00000000e8600000, 0x00000000e8600000, 0x00000000e8700000|  0%| F|  |TAMS 0x00000000e8600000| PB 0x00000000e8600000| Untracked 
| 135|0x00000000e8700000, 0x00000000e8700000, 0x00000000e8800000|  0%| F|  |TAMS 0x00000000e8700000| PB 0x00000000e8700000| Untracked 
| 136|0x00000000e8800000, 0x00000000e8800000, 0x00000000e8900000|  0%| F|  |TAMS 0x00000000e8800000| PB 0x00000000e8800000| Untracked 
| 137|0x00000000e8900000, 0x00000000e8900000, 0x00000000e8a00000|  0%| F|  |TAMS 0x00000000e8900000| PB 0x00000000e8900000| Untracked 
| 138|0x00000000e8a00000, 0x00000000e8a00000, 0x00000000e8b00000|  0%| F|  |TAMS 0x00000000e8a00000| PB 0x00000000e8a00000| Untracked 
| 139|0x00000000e8b00000, 0x00000000e8b00000, 0x00000000e8c00000|  0%| F|  |TAMS 0x00000000e8b00000| PB 0x00000000e8b00000| Untracked 
| 140|0x00000000e8c00000, 0x00000000e8c00000, 0x00000000e8d00000|  0%| F|  |TAMS 0x00000000e8c00000| PB 0x00000000e8c00000| Untracked 
| 141|0x00000000e8d00000, 0x00000000e8d00000, 0x00000000e8e00000|  0%| F|  |TAMS 0x00000000e8d00000| PB 0x00000000e8d00000| Untracked 
| 142|0x00000000e8e00000, 0x00000000e8e00000, 0x00000000e8f00000|  0%| F|  |TAMS 0x00000000e8e00000| PB 0x00000000e8e00000| Untracked 
| 143|0x00000000e8f00000, 0x00000000e8f00000, 0x00000000e9000000|  0%| F|  |TAMS 0x00000000e8f00000| PB 0x00000000e8f00000| Untracked 
| 144|0x00000000e9000000, 0x00000000e9000000, 0x00000000e9100000|  0%| F|  |TAMS 0x00000000e9000000| PB 0x00000000e9000000| Untracked 
| 145|0x00000000e9100000, 0x00000000e9100000, 0x00000000e9200000|  0%| F|  |TAMS 0x00000000e9100000| PB 0x00000000e9100000| Untracked 
| 146|0x00000000e9200000, 0x00000000e9200000, 0x00000000e9300000|  0%| F|  |TAMS 0x00000000e9200000| PB 0x00000000e9200000| Untracked 
| 147|0x00000000e9300000, 0x00000000e9300000, 0x00000000e9400000|  0%| F|  |TAMS 0x00000000e9300000| PB 0x00000000e9300000| Untracked 
| 148|0x00000000e9400000, 0x00000000e9400000, 0x00000000e9500000|  0%| F|  |TAMS 0x00000000e9400000| PB 0x00000000e9400000| Untracked 
| 149|0x00000000e9500000, 0x00000000e9500000, 0x00000000e9600000|  0%| F|  |TAMS 0x00000000e9500000| PB 0x00000000e9500000| Untracked 
| 150|0x00000000e9600000, 0x00000000e9600000, 0x00000000e9700000|  0%| F|  |TAMS 0x00000000e9600000| PB 0x00000000e9600000| Untracked 
| 151|0x00000000e9700000, 0x00000000e9700000, 0x00000000e9800000|  0%| F|  |TAMS 0x00000000e9700000| PB 0x00000000e9700000| Untracked 
| 152|0x00000000e9800000, 0x00000000e9800000, 0x00000000e9900000|  0%| F|  |TAMS 0x00000000e9800000| PB 0x00000000e9800000| Untracked 
| 153|0x00000000e9900000, 0x00000000e9900000, 0x00000000e9a00000|  0%| F|  |TAMS 0x00000000e9900000| PB 0x00000000e9900000| Untracked 
| 154|0x00000000e9a00000, 0x00000000e9a00000, 0x00000000e9b00000|  0%| F|  |TAMS 0x00000000e9a00000| PB 0x00000000e9a00000| Untracked 
| 155|0x00000000e9b00000, 0x00000000e9b00000, 0x00000000e9c00000|  0%| F|  |TAMS 0x00000000e9b00000| PB 0x00000000e9b00000| Untracked 
| 156|0x00000000e9c00000, 0x00000000e9c00000, 0x00000000e9d00000|  0%| F|  |TAMS 0x00000000e9c00000| PB 0x00000000e9c00000| Untracked 
| 157|0x00000000e9d00000, 0x00000000e9d00000, 0x00000000e9e00000|  0%| F|  |TAMS 0x00000000e9d00000| PB 0x00000000e9d00000| Untracked 
| 158|0x00000000e9e00000, 0x00000000e9e00000, 0x00000000e9f00000|  0%| F|  |TAMS 0x00000000e9e00000| PB 0x00000000e9e00000| Untracked 
| 159|0x00000000e9f00000, 0x00000000e9f00000, 0x00000000ea000000|  0%| F|  |TAMS 0x00000000e9f00000| PB 0x00000000e9f00000| Untracked 
| 160|0x00000000ea000000, 0x00000000ea000000, 0x00000000ea100000|  0%| F|  |TAMS 0x00000000ea000000| PB 0x00000000ea000000| Untracked 
| 161|0x00000000ea100000, 0x00000000ea100000, 0x00000000ea200000|  0%| F|  |TAMS 0x00000000ea100000| PB 0x00000000ea100000| Untracked 
| 162|0x00000000ea200000, 0x00000000ea200000, 0x00000000ea300000|  0%| F|  |TAMS 0x00000000ea200000| PB 0x00000000ea200000| Untracked 
| 163|0x00000000ea300000, 0x00000000ea300000, 0x00000000ea400000|  0%| F|  |TAMS 0x00000000ea300000| PB 0x00000000ea300000| Untracked 
| 164|0x00000000ea400000, 0x00000000ea400000, 0x00000000ea500000|  0%| F|  |TAMS 0x00000000ea400000| PB 0x00000000ea400000| Untracked 
| 165|0x00000000ea500000, 0x00000000ea500000, 0x00000000ea600000|  0%| F|  |TAMS 0x00000000ea500000| PB 0x00000000ea500000| Untracked 
| 166|0x00000000ea600000, 0x00000000ea600000, 0x00000000ea700000|  0%| F|  |TAMS 0x00000000ea600000| PB 0x00000000ea600000| Untracked 
| 167|0x00000000ea700000, 0x00000000ea700000, 0x00000000ea800000|  0%| F|  |TAMS 0x00000000ea700000| PB 0x00000000ea700000| Untracked 
| 168|0x00000000ea800000, 0x00000000ea800000, 0x00000000ea900000|  0%| F|  |TAMS 0x00000000ea800000| PB 0x00000000ea800000| Untracked 
| 169|0x00000000ea900000, 0x00000000ea900000, 0x00000000eaa00000|  0%| F|  |TAMS 0x00000000ea900000| PB 0x00000000ea900000| Untracked 
| 170|0x00000000eaa00000, 0x00000000eaa00000, 0x00000000eab00000|  0%| F|  |TAMS 0x00000000eaa00000| PB 0x00000000eaa00000| Untracked 
| 171|0x00000000eab00000, 0x00000000eab00000, 0x00000000eac00000|  0%| F|  |TAMS 0x00000000eab00000| PB 0x00000000eab00000| Untracked 
| 172|0x00000000eac00000, 0x00000000eac00000, 0x00000000ead00000|  0%| F|  |TAMS 0x00000000eac00000| PB 0x00000000eac00000| Untracked 
| 173|0x00000000ead00000, 0x00000000ead00000, 0x00000000eae00000|  0%| F|  |TAMS 0x00000000ead00000| PB 0x00000000ead00000| Untracked 
| 174|0x00000000eae00000, 0x00000000eae00000, 0x00000000eaf00000|  0%| F|  |TAMS 0x00000000eae00000| PB 0x00000000eae00000| Untracked 
| 175|0x00000000eaf00000, 0x00000000eaf00000, 0x00000000eb000000|  0%| F|  |TAMS 0x00000000eaf00000| PB 0x00000000eaf00000| Untracked 
| 176|0x00000000eb000000, 0x00000000eb000000, 0x00000000eb100000|  0%| F|  |TAMS 0x00000000eb000000| PB 0x00000000eb000000| Untracked 
| 177|0x00000000eb100000, 0x00000000eb100000, 0x00000000eb200000|  0%| F|  |TAMS 0x00000000eb100000| PB 0x00000000eb100000| Untracked 
| 178|0x00000000eb200000, 0x00000000eb200000, 0x00000000eb300000|  0%| F|  |TAMS 0x00000000eb200000| PB 0x00000000eb200000| Untracked 
| 179|0x00000000eb300000, 0x00000000eb300000, 0x00000000eb400000|  0%| F|  |TAMS 0x00000000eb300000| PB 0x00000000eb300000| Untracked 
| 180|0x00000000eb400000, 0x00000000eb400000, 0x00000000eb500000|  0%| F|  |TAMS 0x00000000eb400000| PB 0x00000000eb400000| Untracked 
| 181|0x00000000eb500000, 0x00000000eb500000, 0x00000000eb600000|  0%| F|  |TAMS 0x00000000eb500000| PB 0x00000000eb500000| Untracked 
| 182|0x00000000eb600000, 0x00000000eb600000, 0x00000000eb700000|  0%| F|  |TAMS 0x00000000eb600000| PB 0x00000000eb600000| Untracked 
| 183|0x00000000eb700000, 0x00000000eb700000, 0x00000000eb800000|  0%| F|  |TAMS 0x00000000eb700000| PB 0x00000000eb700000| Untracked 
| 184|0x00000000eb800000, 0x00000000eb800000, 0x00000000eb900000|  0%| F|  |TAMS 0x00000000eb800000| PB 0x00000000eb800000| Untracked 
| 185|0x00000000eb900000, 0x00000000eb900000, 0x00000000eba00000|  0%| F|  |TAMS 0x00000000eb900000| PB 0x00000000eb900000| Untracked 
| 186|0x00000000eba00000, 0x00000000eba00000, 0x00000000ebb00000|  0%| F|  |TAMS 0x00000000eba00000| PB 0x00000000eba00000| Untracked 
| 187|0x00000000ebb00000, 0x00000000ebb00000, 0x00000000ebc00000|  0%| F|  |TAMS 0x00000000ebb00000| PB 0x00000000ebb00000| Untracked 
| 188|0x00000000ebc00000, 0x00000000ebc00000, 0x00000000ebd00000|  0%| F|  |TAMS 0x00000000ebc00000| PB 0x00000000ebc00000| Untracked 
| 189|0x00000000ebd00000, 0x00000000ebd00000, 0x00000000ebe00000|  0%| F|  |TAMS 0x00000000ebd00000| PB 0x00000000ebd00000| Untracked 
| 190|0x00000000ebe00000, 0x00000000ebe00000, 0x00000000ebf00000|  0%| F|  |TAMS 0x00000000ebe00000| PB 0x00000000ebe00000| Untracked 
| 191|0x00000000ebf00000, 0x00000000ebf00000, 0x00000000ec000000|  0%| F|  |TAMS 0x00000000ebf00000| PB 0x00000000ebf00000| Untracked 
| 192|0x00000000ec000000, 0x00000000ec0ae0e0, 0x00000000ec100000| 67%| E|  |TAMS 0x00000000ec000000| PB 0x00000000ec000000| Complete 
| 193|0x00000000ec100000, 0x00000000ec200000, 0x00000000ec200000|100%| E|CS|TAMS 0x00000000ec100000| PB 0x00000000ec100000| Complete 
| 194|0x00000000ec200000, 0x00000000ec300000, 0x00000000ec300000|100%| E|CS|TAMS 0x00000000ec200000| PB 0x00000000ec200000| Complete 
| 195|0x00000000ec300000, 0x00000000ec400000, 0x00000000ec400000|100%| E|CS|TAMS 0x00000000ec300000| PB 0x00000000ec300000| Complete 
| 196|0x00000000ec400000, 0x00000000ec500000, 0x00000000ec500000|100%| E|CS|TAMS 0x00000000ec400000| PB 0x00000000ec400000| Complete 
| 197|0x00000000ec500000, 0x00000000ec600000, 0x00000000ec600000|100%| E|CS|TAMS 0x00000000ec500000| PB 0x00000000ec500000| Complete 
| 198|0x00000000ec600000, 0x00000000ec700000, 0x00000000ec700000|100%| S|CS|TAMS 0x00000000ec600000| PB 0x00000000ec600000| Complete 
| 199|0x00000000ec700000, 0x00000000ec800000, 0x00000000ec800000|100%| S|CS|TAMS 0x00000000ec700000| PB 0x00000000ec700000| Complete 
| 200|0x00000000ec800000, 0x00000000ec900000, 0x00000000ec900000|100%| S|CS|TAMS 0x00000000ec800000| PB 0x00000000ec800000| Complete 
| 201|0x00000000ec900000, 0x00000000eca00000, 0x00000000eca00000|100%| S|CS|TAMS 0x00000000ec900000| PB 0x00000000ec900000| Complete 
| 202|0x00000000eca00000, 0x00000000ecb00000, 0x00000000ecb00000|100%| S|CS|TAMS 0x00000000eca00000| PB 0x00000000eca00000| Complete 
| 203|0x00000000ecb00000, 0x00000000ecc00000, 0x00000000ecc00000|100%| S|CS|TAMS 0x00000000ecb00000| PB 0x00000000ecb00000| Complete 
| 204|0x00000000ecc00000, 0x00000000ecd00000, 0x00000000ecd00000|100%| S|CS|TAMS 0x00000000ecc00000| PB 0x00000000ecc00000| Complete 
| 205|0x00000000ecd00000, 0x00000000ece00000, 0x00000000ece00000|100%| S|CS|TAMS 0x00000000ecd00000| PB 0x00000000ecd00000| Complete 
| 206|0x00000000ece00000, 0x00000000ecf00000, 0x00000000ecf00000|100%| E|CS|TAMS 0x00000000ece00000| PB 0x00000000ece00000| Complete 
| 207|0x00000000ecf00000, 0x00000000ed000000, 0x00000000ed000000|100%| E|CS|TAMS 0x00000000ecf00000| PB 0x00000000ecf00000| Complete 
| 208|0x00000000ed000000, 0x00000000ed100000, 0x00000000ed100000|100%| E|CS|TAMS 0x00000000ed000000| PB 0x00000000ed000000| Complete 
| 209|0x00000000ed100000, 0x00000000ed200000, 0x00000000ed200000|100%| E|CS|TAMS 0x00000000ed100000| PB 0x00000000ed100000| Complete 
| 210|0x00000000ed200000, 0x00000000ed300000, 0x00000000ed300000|100%| E|CS|TAMS 0x00000000ed200000| PB 0x00000000ed200000| Complete 
| 211|0x00000000ed300000, 0x00000000ed400000, 0x00000000ed400000|100%| E|CS|TAMS 0x00000000ed300000| PB 0x00000000ed300000| Complete 
| 212|0x00000000ed400000, 0x00000000ed500000, 0x00000000ed500000|100%| E|CS|TAMS 0x00000000ed400000| PB 0x00000000ed400000| Complete 
| 213|0x00000000ed500000, 0x00000000ed600000, 0x00000000ed600000|100%| E|CS|TAMS 0x00000000ed500000| PB 0x00000000ed500000| Complete 
| 214|0x00000000ed600000, 0x00000000ed700000, 0x00000000ed700000|100%| E|CS|TAMS 0x00000000ed600000| PB 0x00000000ed600000| Complete 
| 215|0x00000000ed700000, 0x00000000ed800000, 0x00000000ed800000|100%| E|CS|TAMS 0x00000000ed700000| PB 0x00000000ed700000| Complete 
| 216|0x00000000ed800000, 0x00000000ed900000, 0x00000000ed900000|100%| E|CS|TAMS 0x00000000ed800000| PB 0x00000000ed800000| Complete 
| 217|0x00000000ed900000, 0x00000000eda00000, 0x00000000eda00000|100%| E|CS|TAMS 0x00000000ed900000| PB 0x00000000ed900000| Complete 
| 218|0x00000000eda00000, 0x00000000edb00000, 0x00000000edb00000|100%| E|CS|TAMS 0x00000000eda00000| PB 0x00000000eda00000| Complete 
| 219|0x00000000edb00000, 0x00000000edc00000, 0x00000000edc00000|100%| E|CS|TAMS 0x00000000edb00000| PB 0x00000000edb00000| Complete 
| 220|0x00000000edc00000, 0x00000000edd00000, 0x00000000edd00000|100%| E|CS|TAMS 0x00000000edc00000| PB 0x00000000edc00000| Complete 
| 221|0x00000000edd00000, 0x00000000ede00000, 0x00000000ede00000|100%| E|CS|TAMS 0x00000000edd00000| PB 0x00000000edd00000| Complete 
| 222|0x00000000ede00000, 0x00000000edf00000, 0x00000000edf00000|100%| E|CS|TAMS 0x00000000ede00000| PB 0x00000000ede00000| Complete 
| 223|0x00000000edf00000, 0x00000000ee000000, 0x00000000ee000000|100%| E|CS|TAMS 0x00000000edf00000| PB 0x00000000edf00000| Complete 
| 224|0x00000000ee000000, 0x00000000ee100000, 0x00000000ee100000|100%| E|CS|TAMS 0x00000000ee000000| PB 0x00000000ee000000| Complete 
| 225|0x00000000ee100000, 0x00000000ee200000, 0x00000000ee200000|100%| E|CS|TAMS 0x00000000ee100000| PB 0x00000000ee100000| Complete 
| 226|0x00000000ee200000, 0x00000000ee300000, 0x00000000ee300000|100%| E|CS|TAMS 0x00000000ee200000| PB 0x00000000ee200000| Complete 
| 227|0x00000000ee300000, 0x00000000ee400000, 0x00000000ee400000|100%| E|CS|TAMS 0x00000000ee300000| PB 0x00000000ee300000| Complete 
| 228|0x00000000ee400000, 0x00000000ee500000, 0x00000000ee500000|100%| E|CS|TAMS 0x00000000ee400000| PB 0x00000000ee400000| Complete 
| 229|0x00000000ee500000, 0x00000000ee600000, 0x00000000ee600000|100%| E|CS|TAMS 0x00000000ee500000| PB 0x00000000ee500000| Complete 
| 230|0x00000000ee600000, 0x00000000ee700000, 0x00000000ee700000|100%| E|CS|TAMS 0x00000000ee600000| PB 0x00000000ee600000| Complete 
| 231|0x00000000ee700000, 0x00000000ee800000, 0x00000000ee800000|100%| E|CS|TAMS 0x00000000ee700000| PB 0x00000000ee700000| Complete 
| 232|0x00000000ee800000, 0x00000000ee900000, 0x00000000ee900000|100%| E|CS|TAMS 0x00000000ee800000| PB 0x00000000ee800000| Complete 
| 233|0x00000000ee900000, 0x00000000eea00000, 0x00000000eea00000|100%| E|CS|TAMS 0x00000000ee900000| PB 0x00000000ee900000| Complete 
| 234|0x00000000eea00000, 0x00000000eeb00000, 0x00000000eeb00000|100%| E|CS|TAMS 0x00000000eea00000| PB 0x00000000eea00000| Complete 
| 235|0x00000000eeb00000, 0x00000000eec00000, 0x00000000eec00000|100%| E|CS|TAMS 0x00000000eeb00000| PB 0x00000000eeb00000| Complete 
| 236|0x00000000eec00000, 0x00000000eed00000, 0x00000000eed00000|100%| E|CS|TAMS 0x00000000eec00000| PB 0x00000000eec00000| Complete 
| 237|0x00000000eed00000, 0x00000000eee00000, 0x00000000eee00000|100%| E|CS|TAMS 0x00000000eed00000| PB 0x00000000eed00000| Complete 
| 238|0x00000000eee00000, 0x00000000eef00000, 0x00000000eef00000|100%| E|CS|TAMS 0x00000000eee00000| PB 0x00000000eee00000| Complete 
| 239|0x00000000eef00000, 0x00000000ef000000, 0x00000000ef000000|100%| E|CS|TAMS 0x00000000eef00000| PB 0x00000000eef00000| Complete 
| 240|0x00000000ef000000, 0x00000000ef100000, 0x00000000ef100000|100%| E|CS|TAMS 0x00000000ef000000| PB 0x00000000ef000000| Complete 
| 241|0x00000000ef100000, 0x00000000ef200000, 0x00000000ef200000|100%| E|CS|TAMS 0x00000000ef100000| PB 0x00000000ef100000| Complete 
| 242|0x00000000ef200000, 0x00000000ef300000, 0x00000000ef300000|100%| E|CS|TAMS 0x00000000ef200000| PB 0x00000000ef200000| Complete 
| 243|0x00000000ef300000, 0x00000000ef400000, 0x00000000ef400000|100%| E|CS|TAMS 0x00000000ef300000| PB 0x00000000ef300000| Complete 
| 244|0x00000000ef400000, 0x00000000ef500000, 0x00000000ef500000|100%| E|CS|TAMS 0x00000000ef400000| PB 0x00000000ef400000| Complete 
| 245|0x00000000ef500000, 0x00000000ef600000, 0x00000000ef600000|100%| E|CS|TAMS 0x00000000ef500000| PB 0x00000000ef500000| Complete 
| 246|0x00000000ef600000, 0x00000000ef700000, 0x00000000ef700000|100%| E|CS|TAMS 0x00000000ef600000| PB 0x00000000ef600000| Complete 
| 247|0x00000000ef700000, 0x00000000ef800000, 0x00000000ef800000|100%| E|CS|TAMS 0x00000000ef700000| PB 0x00000000ef700000| Complete 
| 248|0x00000000ef800000, 0x00000000ef900000, 0x00000000ef900000|100%| E|CS|TAMS 0x00000000ef800000| PB 0x00000000ef800000| Complete 
| 249|0x00000000ef900000, 0x00000000efa00000, 0x00000000efa00000|100%| E|CS|TAMS 0x00000000ef900000| PB 0x00000000ef900000| Complete 
| 250|0x00000000efa00000, 0x00000000efb00000, 0x00000000efb00000|100%| E|CS|TAMS 0x00000000efa00000| PB 0x00000000efa00000| Complete 
| 251|0x00000000efb00000, 0x00000000efc00000, 0x00000000efc00000|100%| E|CS|TAMS 0x00000000efb00000| PB 0x00000000efb00000| Complete 
| 252|0x00000000efc00000, 0x00000000efd00000, 0x00000000efd00000|100%| E|CS|TAMS 0x00000000efc00000| PB 0x00000000efc00000| Complete 
| 253|0x00000000efd00000, 0x00000000efe00000, 0x00000000efe00000|100%| E|CS|TAMS 0x00000000efd00000| PB 0x00000000efd00000| Complete 
| 254|0x00000000efe00000, 0x00000000eff00000, 0x00000000eff00000|100%| E|CS|TAMS 0x00000000efe00000| PB 0x00000000efe00000| Complete 
| 255|0x00000000eff00000, 0x00000000f0000000, 0x00000000f0000000|100%| E|CS|TAMS 0x00000000eff00000| PB 0x00000000eff00000| Complete 

Card table byte_map: [0x000001dfb8120000,0x000001dfb8220000] _byte_map_base: 0x000001dfb7a20000

Marking Bits: (CMBitMap*) 0x000001dfa5b19ff0
 Bits: [0x000001dfb8220000, 0x000001dfb8a20000)

Polling page: 0x000001dfa3c90000

Metaspace:

Usage:
  Non-class:     36.93 MB used.
      Class:      6.14 MB used.
       Both:     43.07 MB used.

Virtual space:
  Non-class space:       64.00 MB reserved,      37.56 MB ( 59%) committed,  1 nodes.
      Class space:      320.00 MB reserved,       6.75 MB (  2%) committed,  1 nodes.
             Both:      384.00 MB reserved,      44.31 MB ( 12%) committed. 

Chunk freelists:
   Non-Class:  9.58 MB
       Class:  9.27 MB
        Both:  18.84 MB

MaxMetaspaceSize: 384.00 MB
CompressedClassSpaceSize: 320.00 MB
Initial GC threshold: 21.00 MB
Current GC threshold: 59.38 MB
CDS: on
 - commit_granule_bytes: 65536.
 - commit_granule_words: 8192.
 - virtual_space_node_default_size: 8388608.
 - enlarge_chunks_in_place: 1.
 - use_allocation_guard: 0.


Internal statistics:

num_allocs_failed_limit: 9.
num_arena_births: 2164.
num_arena_deaths: 0.
num_vsnodes_births: 2.
num_vsnodes_deaths: 0.
num_space_committed: 709.
num_space_uncommitted: 0.
num_chunks_returned_to_freelist: 9.
num_chunks_taken_from_freelist: 4096.
num_chunk_merges: 3.
num_chunk_splits: 2675.
num_chunks_enlarged: 1702.
num_inconsistent_stats: 0.

CodeHeap 'non-profiled nmethods': size=120000Kb used=3522Kb max_used=3522Kb free=116478Kb
 bounds [0x000001dfb07c0000, 0x000001dfb0b40000, 0x000001dfb7cf0000]
CodeHeap 'profiled nmethods': size=120000Kb used=10795Kb max_used=10795Kb free=109204Kb
 bounds [0x000001dfa8cf0000, 0x000001dfa9780000, 0x000001dfb0220000]
CodeHeap 'non-nmethods': size=5760Kb used=2779Kb max_used=2796Kb free=2980Kb
 bounds [0x000001dfb0220000, 0x000001dfb04e0000, 0x000001dfb07c0000]
CodeCache: size=245760Kb, used=17096Kb, max_used=17113Kb, free=228662Kb
 total_blobs=6369, nmethods=5524, adapters=749, full_count=0
Compilation: enabled, stopped_count=0, restarted_count=0

Compilation events (20 events):
Event: 48.791 Thread 0x000001dfbb4ef610 6032       3       java.beans.FeatureDescriptor::getTable (23 bytes)
Event: 48.791 Thread 0x000001dfbb4ef610 nmethod 6032 0x000001dfa976b290 code [0x000001dfa976b480, 0x000001dfa976b738]
Event: 48.791 Thread 0x000001dfbb4ef610 6033       3       org.codehaus.groovy.reflection.CachedClass::getName (8 bytes)
Event: 48.792 Thread 0x000001dfbb4ef610 nmethod 6033 0x000001dfa976b810 code [0x000001dfa976b9c0, 0x000001dfa976bbc8]
Event: 48.799 Thread 0x000001dfbb4b4d40 nmethod 6007 0x000001dfb0b2f890 code [0x000001dfb0b2fa60, 0x000001dfb0b30128]
Event: 48.799 Thread 0x000001dfbb4b4d40 6009       4       java.net.URLClassLoader$1::run (5 bytes)
Event: 48.822 Thread 0x000001dfbb4ef610 6034       3       groovy.lang.MetaClassImpl$Index::getNotNull (32 bytes)
Event: 48.823 Thread 0x000001dfbb4ef610 nmethod 6034 0x000001dfa976bd10 code [0x000001dfa976bf00, 0x000001dfa976c598]
Event: 48.823 Thread 0x000001dfbb4ef610 6035       1       java.lang.NamedPackage::packageName (5 bytes)
Event: 48.823 Thread 0x000001dfbb4ef610 nmethod 6035 0x000001dfb0b30510 code [0x000001dfb0b306a0, 0x000001dfb0b30768]
Event: 48.824 Thread 0x000001dfbb4ef610 6036       3       java.beans.PropertyDescriptor::getPropertyType0 (22 bytes)
Event: 48.824 Thread 0x000001dfbb4ef610 nmethod 6036 0x000001dfa976c790 code [0x000001dfa976c960, 0x000001dfa976cc98]
Event: 48.824 Thread 0x000001dfbb4ef610 6038       3       org.codehaus.groovy.reflection.CachedMethod::compareToMethod (125 bytes)
Event: 48.826 Thread 0x000001dfbb4ef610 nmethod 6038 0x000001dfa976cd90 code [0x000001dfa976d080, 0x000001dfa976de88]
Event: 48.826 Thread 0x000001dfbb4ef610 6039  s!   3       java.beans.PropertyDescriptor::getPropertyType (33 bytes)
Event: 48.827 Thread 0x000001dfbb4ef610 nmethod 6039 0x000001dfa976e490 code [0x000001dfa976e6e0, 0x000001dfa976f0c0]
Event: 48.827 Thread 0x000001dfbb4ef610 6041       3       org.codehaus.groovy.util.ComplexKeyHashMap$1::nextEntry (69 bytes)
Event: 48.827 Thread 0x000001dfbb4ef610 nmethod 6041 0x000001dfa976f410 code [0x000001dfa976f5e0, 0x000001dfa976f968]
Event: 48.827 Thread 0x000001dfbb4ef610 6040       3       org.codehaus.groovy.util.ComplexKeyHashMap$1::next (5 bytes)
Event: 48.827 Thread 0x000001dfbb4ef610 nmethod 6040 0x000001dfa976fb10 code [0x000001dfa976fcc0, 0x000001dfa976fe18]

GC Heap History (12 events):
Event: 1.451 GC heap before
{Heap before GC invocations=0 (full 0):
 garbage-first heap   total 262144K, used 26624K [0x00000000e0000000, 0x0000000100000000)
  region size 1024K, 23 young (23552K), 0 survivors (0K)
 Metaspace       used 1126K, committed 1280K, reserved 393216K
  class space    used 81K, committed 128K, reserved 327680K
}
Event: 1.581 GC heap after
{Heap after GC invocations=1 (full 0):
 garbage-first heap   total 262144K, used 10431K [0x00000000e0000000, 0x0000000100000000)
  region size 1024K, 3 young (3072K), 3 survivors (3072K)
 Metaspace       used 1126K, committed 1280K, reserved 393216K
  class space    used 81K, committed 128K, reserved 327680K
}
Event: 3.648 GC heap before
{Heap before GC invocations=1 (full 0):
 garbage-first heap   total 262144K, used 41151K [0x00000000e0000000, 0x0000000100000000)
  region size 1024K, 33 young (33792K), 3 survivors (3072K)
 Metaspace       used 4299K, committed 4480K, reserved 393216K
  class space    used 547K, committed 640K, reserved 327680K
}
Event: 3.654 GC heap after
{Heap after GC invocations=2 (full 0):
 garbage-first heap   total 262144K, used 12215K [0x00000000e0000000, 0x0000000100000000)
  region size 1024K, 2 young (2048K), 2 survivors (2048K)
 Metaspace       used 4299K, committed 4480K, reserved 393216K
  class space    used 547K, committed 640K, reserved 327680K
}
Event: 19.843 GC heap before
{Heap before GC invocations=2 (full 0):
 garbage-first heap   total 262144K, used 144311K [0x00000000e0000000, 0x0000000100000000)
  region size 1024K, 130 young (133120K), 2 survivors (2048K)
 Metaspace       used 20818K, committed 21504K, reserved 393216K
  class space    used 3072K, committed 3392K, reserved 327680K
}
Event: 19.881 GC heap after
{Heap after GC invocations=3 (full 0):
 garbage-first heap   total 262144K, used 25355K [0x00000000e0000000, 0x0000000100000000)
  region size 1024K, 14 young (14336K), 14 survivors (14336K)
 Metaspace       used 20818K, committed 21504K, reserved 393216K
  class space    used 3072K, committed 3392K, reserved 327680K
}
Event: 34.810 GC heap before
{Heap before GC invocations=4 (full 0):
 garbage-first heap   total 262144K, used 166667K [0x00000000e0000000, 0x0000000100000000)
  region size 1024K, 153 young (156672K), 14 survivors (14336K)
 Metaspace       used 34796K, committed 35968K, reserved 393216K
  class space    used 5232K, committed 5824K, reserved 327680K
}
Event: 34.874 GC heap after
{Heap after GC invocations=5 (full 0):
 garbage-first heap   total 262144K, used 33618K [0x00000000e0000000, 0x0000000100000000)
  region size 1024K, 9 young (9216K), 9 survivors (9216K)
 Metaspace       used 34796K, committed 35968K, reserved 393216K
  class space    used 5232K, committed 5824K, reserved 327680K
}
Event: 39.202 GC heap before
{Heap before GC invocations=5 (full 0):
 garbage-first heap   total 262144K, used 120658K [0x00000000e0000000, 0x0000000100000000)
  region size 1024K, 95 young (97280K), 9 survivors (9216K)
 Metaspace       used 34903K, committed 36096K, reserved 393216K
  class space    used 5245K, committed 5824K, reserved 327680K
}
Event: 39.227 GC heap after
{Heap after GC invocations=6 (full 0):
 garbage-first heap   total 262144K, used 39087K [0x00000000e0000000, 0x0000000100000000)
  region size 1024K, 14 young (14336K), 14 survivors (14336K)
 Metaspace       used 34903K, committed 36096K, reserved 393216K
  class space    used 5245K, committed 5824K, reserved 327680K
}
Event: 40.758 GC heap before
{Heap before GC invocations=6 (full 0):
 garbage-first heap   total 262144K, used 88239K [0x00000000e0000000, 0x0000000100000000)
  region size 1024K, 64 young (65536K), 14 survivors (14336K)
 Metaspace       used 35255K, committed 36416K, reserved 393216K
  class space    used 5284K, committed 5824K, reserved 327680K
}
Event: 40.788 GC heap after
{Heap after GC invocations=7 (full 0):
 garbage-first heap   total 262144K, used 41537K [0x00000000e0000000, 0x0000000100000000)
  region size 1024K, 8 young (8192K), 8 survivors (8192K)
 Metaspace       used 35255K, committed 36416K, reserved 393216K
  class space    used 5284K, committed 5824K, reserved 327680K
}

Dll operation events (20 events):
Event: 0.297 Attempting to load shared library C:\Users\DELL\.antigravity-ide\extensions\redhat.java-1.56.0-win32-x64\jre\21.0.12.1-win32-x86_64\bin\nio.dll
Event: 0.297 Loaded shared library C:\Users\DELL\.antigravity-ide\extensions\redhat.java-1.56.0-win32-x64\jre\21.0.12.1-win32-x86_64\bin\nio.dll
Event: 0.303 Attempting to load shared library C:\Users\DELL\.antigravity-ide\extensions\redhat.java-1.56.0-win32-x64\jre\21.0.12.1-win32-x86_64\bin\zip.dll
Event: 0.303 Loaded shared library C:\Users\DELL\.antigravity-ide\extensions\redhat.java-1.56.0-win32-x64\jre\21.0.12.1-win32-x86_64\bin\zip.dll
Event: 0.963 Attempting to load shared library C:\Users\DELL\.antigravity-ide\extensions\redhat.java-1.56.0-win32-x64\jre\21.0.12.1-win32-x86_64\bin\jimage.dll
Event: 0.963 Loaded shared library C:\Users\DELL\.antigravity-ide\extensions\redhat.java-1.56.0-win32-x64\jre\21.0.12.1-win32-x86_64\bin\jimage.dll
Event: 1.600 Attempting to load shared library C:\Users\DELL\.antigravity-ide\extensions\redhat.java-1.56.0-win32-x64\jre\21.0.12.1-win32-x86_64\bin\verify.dll
Event: 1.602 Loaded shared library C:\Users\DELL\.antigravity-ide\extensions\redhat.java-1.56.0-win32-x64\jre\21.0.12.1-win32-x86_64\bin\verify.dll
Event: 2.132 Attempting to load shared library C:\Users\DELL\.gradle\native\c067742578af261105cb4f569cf0c3c89f3d7b1fecec35dd04571415982c5e48\windows-amd64\native-platform.dll
Event: 2.133 Loaded shared library C:\Users\DELL\.gradle\native\c067742578af261105cb4f569cf0c3c89f3d7b1fecec35dd04571415982c5e48\windows-amd64\native-platform.dll
Event: 2.180 Attempting to load shared library C:\Users\DELL\.gradle\native\100fb08df4bc3b14c8652ba06237920a3bd2aa13389f12d3474272988ae205f9\windows-amd64\native-platform-file-events.dll
Event: 2.186 Loaded shared library C:\Users\DELL\.gradle\native\100fb08df4bc3b14c8652ba06237920a3bd2aa13389f12d3474272988ae205f9\windows-amd64\native-platform-file-events.dll
Event: 6.874 Attempting to load shared library C:\Users\DELL\.antigravity-ide\extensions\redhat.java-1.56.0-win32-x64\jre\21.0.12.1-win32-x86_64\bin\management.dll
Event: 6.878 Loaded shared library C:\Users\DELL\.antigravity-ide\extensions\redhat.java-1.56.0-win32-x64\jre\21.0.12.1-win32-x86_64\bin\management.dll
Event: 6.883 Attempting to load shared library C:\Users\DELL\.antigravity-ide\extensions\redhat.java-1.56.0-win32-x64\jre\21.0.12.1-win32-x86_64\bin\management_ext.dll
Event: 6.887 Loaded shared library C:\Users\DELL\.antigravity-ide\extensions\redhat.java-1.56.0-win32-x64\jre\21.0.12.1-win32-x86_64\bin\management_ext.dll
Event: 7.960 Attempting to load shared library C:\Users\DELL\.antigravity-ide\extensions\redhat.java-1.56.0-win32-x64\jre\21.0.12.1-win32-x86_64\bin\extnet.dll
Event: 7.963 Loaded shared library C:\Users\DELL\.antigravity-ide\extensions\redhat.java-1.56.0-win32-x64\jre\21.0.12.1-win32-x86_64\bin\extnet.dll
Event: 9.933 Attempting to load shared library C:\Users\DELL\.antigravity-ide\extensions\redhat.java-1.56.0-win32-x64\jre\21.0.12.1-win32-x86_64\bin\sunmscapi.dll
Event: 9.973 Loaded shared library C:\Users\DELL\.antigravity-ide\extensions\redhat.java-1.56.0-win32-x64\jre\21.0.12.1-win32-x86_64\bin\sunmscapi.dll

Deoptimization events (20 events):
Event: 48.482 Thread 0x000001dfbb5ed870 Uncommon trap: trap_request=0xffffffc6 fr.pc=0x000001dfb09efd78 relative=0x0000000000000838
Event: 48.482 Thread 0x000001dfbb5ed870 Uncommon trap: reason=bimorphic_or_optimized_type_check action=maybe_recompile pc=0x000001dfb09efd78 method=java.util.regex.Pattern$Start.match(Ljava/util/regex/Matcher;ILjava/lang/CharSequence;)Z @ 44 c2
Event: 48.482 Thread 0x000001dfbb5ed870 DEOPT PACKING pc=0x000001dfb09efd78 sp=0x00000027516f8e50
Event: 48.482 Thread 0x000001dfbb5ed870 DEOPT UNPACKING pc=0x000001dfb0277ba2 sp=0x00000027516f8d48 mode 2
Event: 48.485 Thread 0x000001dfbb5ed870 Uncommon trap: trap_request=0xffffffc6 fr.pc=0x000001dfb09efd78 relative=0x0000000000000838
Event: 48.485 Thread 0x000001dfbb5ed870 Uncommon trap: reason=bimorphic_or_optimized_type_check action=maybe_recompile pc=0x000001dfb09efd78 method=java.util.regex.Pattern$Start.match(Ljava/util/regex/Matcher;ILjava/lang/CharSequence;)Z @ 44 c2
Event: 48.485 Thread 0x000001dfbb5ed870 DEOPT PACKING pc=0x000001dfb09efd78 sp=0x00000027516f8e50
Event: 48.485 Thread 0x000001dfbb5ed870 DEOPT UNPACKING pc=0x000001dfb0277ba2 sp=0x00000027516f8d48 mode 2
Event: 48.486 Thread 0x000001dfbb5ed870 Uncommon trap: trap_request=0xffffffc6 fr.pc=0x000001dfb09ed910 relative=0x0000000000000850
Event: 48.486 Thread 0x000001dfbb5ed870 Uncommon trap: reason=bimorphic_or_optimized_type_check action=maybe_recompile pc=0x000001dfb09ed910 method=java.util.regex.Pattern$Start.match(Ljava/util/regex/Matcher;ILjava/lang/CharSequence;)Z @ 44 c2
Event: 48.486 Thread 0x000001dfbb5ed870 DEOPT PACKING pc=0x000001dfb09ed910 sp=0x00000027516f8dd0
Event: 48.486 Thread 0x000001dfbb5ed870 DEOPT UNPACKING pc=0x000001dfb0277ba2 sp=0x00000027516f8d40 mode 2
Event: 48.486 Thread 0x000001dfbb5ed870 Uncommon trap: trap_request=0xffffffc6 fr.pc=0x000001dfb09eebb8 relative=0x0000000000000698
Event: 48.486 Thread 0x000001dfbb5ed870 Uncommon trap: reason=bimorphic_or_optimized_type_check action=maybe_recompile pc=0x000001dfb09eebb8 method=java.util.regex.Pattern$Start.match(Ljava/util/regex/Matcher;ILjava/lang/CharSequence;)Z @ 44 c2
Event: 48.486 Thread 0x000001dfbb5ed870 DEOPT PACKING pc=0x000001dfb09eebb8 sp=0x00000027516f8d70
Event: 48.486 Thread 0x000001dfbb5ed870 DEOPT UNPACKING pc=0x000001dfb0277ba2 sp=0x00000027516f8d40 mode 2
Event: 48.858 Thread 0x000001dfbb5ed870 Uncommon trap: trap_request=0xffffffde fr.pc=0x000001dfb0935e90 relative=0x00000000000002d0
Event: 48.861 Thread 0x000001dfbb5ed870 Uncommon trap: reason=class_check action=maybe_recompile pc=0x000001dfb0935e90 method=java.util.Collections$SetFromMap.remove(Ljava/lang/Object;)Z @ 5 c2
Event: 48.861 Thread 0x000001dfbb5ed870 DEOPT PACKING pc=0x000001dfb0935e90 sp=0x00000027516faca0
Event: 48.861 Thread 0x000001dfbb5ed870 DEOPT UNPACKING pc=0x000001dfb0277ba2 sp=0x00000027516fac88 mode 2

Classes loaded (20 events):
Event: 46.485 Loading class sun/nio/ch/ChannelOutputStream
Event: 46.485 Loading class sun/nio/ch/ChannelOutputStream done
Event: 47.879 Loading class jdk/internal/loader/URLClassPath$FileLoader
Event: 47.881 Loading class jdk/internal/loader/URLClassPath$FileLoader done
Event: 47.927 Loading class jdk/internal/loader/URLClassPath$FileLoader$1
Event: 48.014 Loading class jdk/internal/loader/URLClassPath$FileLoader$1 done
Event: 48.033 Loading class java/util/stream/IntPipeline$1
Event: 48.034 Loading class java/util/stream/IntPipeline$1 done
Event: 48.034 Loading class java/util/stream/IntPipeline$1$1
Event: 48.034 Loading class java/util/stream/IntPipeline$1$1 done
Event: 48.050 Loading class java/lang/IllegalAccessError
Event: 48.051 Loading class java/lang/IllegalAccessError done
Event: 48.489 Loading class com/sun/beans/finder/MethodFinder
Event: 48.499 Loading class com/sun/beans/finder/AbstractFinder
Event: 48.500 Loading class com/sun/beans/finder/AbstractFinder done
Event: 48.500 Loading class com/sun/beans/finder/MethodFinder done
Event: 48.500 Loading class com/sun/beans/finder/MethodFinder$1
Event: 48.500 Loading class com/sun/beans/finder/MethodFinder$1 done
Event: 48.500 Loading class com/sun/beans/finder/FinderUtils
Event: 48.500 Loading class com/sun/beans/finder/FinderUtils done

Classes unloaded (0 events):
No events

Classes redefined (0 events):
No events

Internal exceptions (20 events):
Event: 48.235 Thread 0x000001dfbb5ed870 Exception <a 'java/lang/ClassNotFoundException'{0x00000000ece35878}: groovy/lang/ScriptBeanInfo> (0x00000000ece35878) 
thrown [s\src\hotspot\share\classfile\systemDictionary.cpp, line 313]
Event: 48.236 Thread 0x000001dfbb5ed870 Exception <a 'java/lang/ClassNotFoundException'{0x00000000ece3eb08}: groovy/lang/ScriptCustomizer> (0x00000000ece3eb08) 
thrown [s\src\hotspot\share\classfile\systemDictionary.cpp, line 313]
Event: 48.239 Thread 0x000001dfbb5ed870 Exception <a 'java/lang/ClassNotFoundException'{0x00000000ece4f920}: org/gradle/groovy/scripts/ScriptCustomizer> (0x00000000ece4f920) 
thrown [s\src\hotspot\share\classfile\systemDictionary.cpp, line 313]
Event: 48.245 Thread 0x000001dfbb5ed870 Exception <a 'java/lang/ClassNotFoundException'{0x00000000ece5e860}: org/gradle/groovy/scripts/BasicScriptCustomizer> (0x00000000ece5e860) 
thrown [s\src\hotspot\share\classfile\systemDictionary.cpp, line 313]
Event: 48.252 Thread 0x000001dfbb5ed870 Exception <a 'java/lang/ClassNotFoundException'{0x00000000ece73e98}: org/gradle/groovy/scripts/DefaultScriptCustomizer> (0x00000000ece73e98) 
thrown [s\src\hotspot\share\classfile\systemDictionary.cpp, line 313]
Event: 48.268 Thread 0x000001dfbb5ed870 Exception <a 'java/lang/ClassNotFoundException'{0x00000000ece99298}: org/gradle/initialization/InitScriptCustomizer> (0x00000000ece99298) 
thrown [s\src\hotspot\share\classfile\systemDictionary.cpp, line 313]
Event: 48.272 Thread 0x000001dfbb5ed870 Exception <a 'java/lang/ClassNotFoundException'{0x00000000ecea7648}: b522665ed9ac54e4b4241d06937f65_e8urgde1k4z5okmbdaqcfwlt3Customizer> (0x00000000ecea7648) 
thrown [s\src\hotspot\share\classfile\systemDictionary.cpp, line 313]
Event: 48.380 Thread 0x000001dfbb5ed870 Exception <a 'java/lang/ClassNotFoundException'{0x00000000ec552038}: org/gradle/internal/extensibility/DefaultExtraPropertiesExtensionBeanInfo> (0x00000000ec552038) 
thrown [s\src\hotspot\share\classfile\systemDictionary.cpp, line 313]
Event: 48.380 Thread 0x000001dfbb5ed870 Exception <a 'java/lang/ClassNotFoundException'{0x00000000ec55a6a0}: org/gradle/internal/extensibility/DefaultExtraPropertiesExtensionCustomizer> (0x00000000ec55a6a0) 
thrown [s\src\hotspot\share\classfile\systemDictionary.cpp, line 313]
Event: 48.468 Thread 0x000001dfbb5ed870 Exception <a 'java/lang/ClassNotFoundException'{0x00000000ec5e4ba0}: groovy/lang/Closure$1BeanInfo> (0x00000000ec5e4ba0) 
thrown [s\src\hotspot\share\classfile\systemDictionary.cpp, line 313]
Event: 48.471 Thread 0x000001dfbb5ed870 Exception <a 'java/lang/ClassNotFoundException'{0x00000000ec5f18f8}: groovy/lang/ClosureBeanInfo> (0x00000000ec5f18f8) 
thrown [s\src\hotspot\share\classfile\systemDictionary.cpp, line 313]
Event: 48.472 Thread 0x000001dfbb5ed870 Exception <a 'java/lang/ClassNotFoundException'{0x00000000ec5fe5b8}: groovy/lang/ClosureCustomizer> (0x00000000ec5fe5b8) 
thrown [s\src\hotspot\share\classfile\systemDictionary.cpp, line 313]
Event: 48.489 Thread 0x000001dfbb5ed870 Exception <a 'java/lang/ClassNotFoundException'{0x00000000ec42e228}: groovy/lang/Closure$1Customizer> (0x00000000ec42e228) 
thrown [s\src\hotspot\share\classfile\systemDictionary.cpp, line 313]
Event: 48.673 Thread 0x000001dfbb5ed870 Exception <a 'java/lang/NoSuchMethodError'{0x00000000ec4e85b8}: 'void java.lang.invoke.Invokers$Holder.invoke_MT(java.lang.Object, java.lang.Object, java.lang.Object, java.lang.Object)'> (0x00000000ec4e85b8) 
thrown [s\src\hotspot\share\interpreter\linkResolver.cpp, line 773]
Event: 48.769 Thread 0x000001dfbb5ed870 Exception <a 'java/lang/ClassNotFoundException'{0x00000000ec105998}: org/gradle/invocation/DefaultGradle_DecoratedBeanInfo> (0x00000000ec105998) 
thrown [s\src\hotspot\share\classfile\systemDictionary.cpp, line 313]
Event: 48.771 Thread 0x000001dfbb5ed870 Exception <a 'java/lang/ClassNotFoundException'{0x00000000ec112c70}: org/gradle/invocation/DefaultGradleBeanInfo> (0x00000000ec112c70) 
thrown [s\src\hotspot\share\classfile\systemDictionary.cpp, line 313]
Event: 48.772 Thread 0x000001dfbb5ed870 Exception <a 'java/lang/ClassNotFoundException'{0x00000000ec120178}: org/gradle/api/internal/project/AbstractPluginAwareBeanInfo> (0x00000000ec120178) 
thrown [s\src\hotspot\share\classfile\systemDictionary.cpp, line 313]
Event: 48.774 Thread 0x000001dfbb5ed870 Exception <a 'java/lang/ClassNotFoundException'{0x00000000ec12d660}: org/gradle/api/internal/project/AbstractPluginAwareCustomizer> (0x00000000ec12d660) 
thrown [s\src\hotspot\share\classfile\systemDictionary.cpp, line 313]
Event: 48.777 Thread 0x000001dfbb5ed870 Exception <a 'java/lang/ClassNotFoundException'{0x00000000ec1408f0}: org/gradle/invocation/DefaultGradleCustomizer> (0x00000000ec1408f0) 
thrown [s\src\hotspot\share\classfile\systemDictionary.cpp, line 313]
Event: 48.783 Thread 0x000001dfbb5ed870 Exception <a 'java/lang/ClassNotFoundException'{0x00000000ec1814a8}: org/gradle/invocation/DefaultGradle_DecoratedCustomizer> (0x00000000ec1814a8) 
thrown [s\src\hotspot\share\classfile\systemDictionary.cpp, line 313]

ZGC Phase Switch (0 events):
No events

VM Operations (20 events):
Event: 43.984 Executing non-safepoint VM operation: HandshakeAllThreads (Deoptimize)
Event: 43.984 Executing non-safepoint VM operation: HandshakeAllThreads (Deoptimize) done
Event: 43.984 Executing safepoint VM operation: Cleanup
Event: 43.984 Executing safepoint VM operation: Cleanup done
Event: 44.067 Executing non-safepoint VM operation: HandshakeAllThreads (Deoptimize)
Event: 44.079 Executing non-safepoint VM operation: HandshakeAllThreads (Deoptimize) done
Event: 44.675 Executing non-safepoint VM operation: HandshakeAllThreads (Deoptimize)
Event: 44.675 Executing non-safepoint VM operation: HandshakeAllThreads (Deoptimize) done
Event: 44.689 Executing non-safepoint VM operation: HandshakeAllThreads (Deoptimize)
Event: 44.689 Executing non-safepoint VM operation: HandshakeAllThreads (Deoptimize) done
Event: 45.701 Executing safepoint VM operation: Cleanup
Event: 45.751 Executing safepoint VM operation: Cleanup done
Event: 45.886 Executing non-safepoint VM operation: HandshakeAllThreads (Deoptimize)
Event: 45.886 Executing non-safepoint VM operation: HandshakeAllThreads (Deoptimize) done
Event: 46.069 Executing non-safepoint VM operation: HandshakeAllThreads (Deoptimize)
Event: 46.122 Executing non-safepoint VM operation: HandshakeAllThreads (Deoptimize) done
Event: 47.135 Executing safepoint VM operation: Cleanup
Event: 47.151 Executing safepoint VM operation: Cleanup done
Event: 48.165 Executing safepoint VM operation: Cleanup
Event: 48.165 Executing safepoint VM operation: Cleanup done

Memory protections (0 events):
No events

Nmethod flushes (20 events):
Event: 40.843 Thread 0x000001dfbb484d40 flushing  nmethod 0x000001dfa8dd3f90
Event: 40.843 Thread 0x000001dfbb484d40 flushing  nmethod 0x000001dfa8dd6810
Event: 40.843 Thread 0x000001dfbb484d40 flushing  nmethod 0x000001dfa8ddb290
Event: 40.843 Thread 0x000001dfbb484d40 flushing  nmethod 0x000001dfa8ddbf90
Event: 40.843 Thread 0x000001dfbb484d40 flushing  nmethod 0x000001dfa8ddcf90
Event: 40.843 Thread 0x000001dfbb484d40 flushing  nmethod 0x000001dfa8de6e90
Event: 40.843 Thread 0x000001dfbb484d40 flushing  nmethod 0x000001dfa8de8510
Event: 40.843 Thread 0x000001dfbb484d40 flushing  nmethod 0x000001dfa8ef6310
Event: 40.843 Thread 0x000001dfbb484d40 flushing  nmethod 0x000001dfa8fa1d90
Event: 40.843 Thread 0x000001dfbb484d40 flushing  nmethod 0x000001dfa8fa5590
Event: 40.843 Thread 0x000001dfbb484d40 flushing  nmethod 0x000001dfa8fa5910
Event: 40.843 Thread 0x000001dfbb484d40 flushing  nmethod 0x000001dfa8fd6b10
Event: 40.843 Thread 0x000001dfbb484d40 flushing  nmethod 0x000001dfa9072890
Event: 40.843 Thread 0x000001dfbb484d40 flushing  nmethod 0x000001dfa9073210
Event: 40.843 Thread 0x000001dfbb484d40 flushing  nmethod 0x000001dfa907c490
Event: 40.843 Thread 0x000001dfbb484d40 flushing  nmethod 0x000001dfa90c0490
Event: 40.843 Thread 0x000001dfbb484d40 flushing  nmethod 0x000001dfa90ca910
Event: 40.843 Thread 0x000001dfbb484d40 flushing  nmethod 0x000001dfa90cb210
Event: 40.843 Thread 0x000001dfbb484d40 flushing  nmethod 0x000001dfa90d2d10
Event: 40.843 Thread 0x000001dfbb484d40 flushing  nmethod 0x000001dfa91ab990

Events (20 events):
Event: 10.245 Thread 0x000001dfd6425d90 Thread added: 0x000001dfd5b66e70
Event: 10.590 Thread 0x000001dfd6425d90 Thread added: 0x000001dfbb5ef1a0
Event: 10.623 Thread 0x000001dfd6425d90 Thread added: 0x000001dfbb5ed870
Event: 10.871 Thread 0x000001dfbb5ed870 Thread added: 0x000001dfd6563b50
Event: 10.883 Thread 0x000001dfbb5ed870 Thread added: 0x000001dfd6562110
Event: 10.888 Thread 0x000001dfbb5ed870 Thread added: 0x000001dfd65641e0
Event: 13.191 Thread 0x000001dfbb5ed870 Thread added: 0x000001dfd65627a0
Event: 13.263 Thread 0x000001dfbb5ed870 Thread added: 0x000001dfd65634c0
Event: 14.434 Thread 0x000001dfd65634c0 Thread added: 0x000001dfd65613f0
Event: 14.482 Thread 0x000001dfbb5ed870 Thread added: 0x000001dfd6560d60
Event: 19.911 Thread 0x000001dfbb5ed870 Thread added: 0x000001dfd6562e30
Event: 20.011 Thread 0x000001dfbb5ed870 Thread added: 0x000001dfd6fedca0
Event: 21.926 Thread 0x000001dfbb5ed870 Thread added: 0x000001dfd6fee330
Event: 21.992 Thread 0x000001dfbb5ed870 Thread added: 0x000001dfd6fee9c0
Event: 23.403 Thread 0x000001dfbb5ed870 Thread added: 0x000001dfd6fef050
Event: 23.536 Thread 0x000001dfbb5ed870 Thread added: 0x000001dfd6febbd0
Event: 23.996 Thread 0x000001dfbb5ed870 Thread added: 0x000001dfd6fef6e0
Event: 24.999 Thread 0x000001dfbb5ed870 Thread added: 0x000001dfd6fec260
Event: 42.287 Thread 0x000001dfbb5ed870 Thread added: 0x000001dfd6fefd70
Event: 46.850 Thread 0x000001dfbb5ed870 Thread added: 0x000001dfd6fec8f0


Dynamic libraries:
0x00007ff7c82f0000 - 0x00007ff7c82fe000 	C:\Users\DELL\.antigravity-ide\extensions\redhat.java-1.56.0-win32-x64\jre\21.0.12.1-win32-x86_64\bin\java.exe
0x00007ffaa10e0000 - 0x00007ffaa1347000 	C:\WINDOWS\SYSTEM32\ntdll.dll
0x00007ffa9fd60000 - 0x00007ffa9fe2a000 	C:\WINDOWS\System32\KERNEL32.DLL
0x00007ffa9e600000 - 0x00007ffa9ea02000 	C:\WINDOWS\System32\KERNELBASE.dll
0x00007ffa9ecb0000 - 0x00007ffa9edfc000 	C:\WINDOWS\System32\ucrtbase.dll
0x00007ffa83540000 - 0x00007ffa83558000 	C:\Users\DELL\.antigravity-ide\extensions\redhat.java-1.56.0-win32-x64\jre\21.0.12.1-win32-x86_64\bin\jli.dll
0x00007ffa8f1f0000 - 0x00007ffa8f20e000 	C:\Users\DELL\.antigravity-ide\extensions\redhat.java-1.56.0-win32-x64\jre\21.0.12.1-win32-x86_64\bin\VCRUNTIME140.dll
0x00007ffaa0470000 - 0x00007ffaa063f000 	C:\WINDOWS\System32\USER32.dll
0x00007ffa9e510000 - 0x00007ffa9e537000 	C:\WINDOWS\System32\win32u.dll
0x00007ffa9fc80000 - 0x00007ffa9fcab000 	C:\WINDOWS\System32\GDI32.dll
0x00007ffa9ead0000 - 0x00007ffa9ebf9000 	C:\WINDOWS\System32\gdi32full.dll
0x00007ffa81da0000 - 0x00007ffa82030000 	C:\WINDOWS\WinSxS\amd64_microsoft.windows.common-controls_6595b64144ccf1df_6.0.26100.9278_none_3e0d1ba8e3303201\COMCTL32.dll
0x00007ffa9fcb0000 - 0x00007ffa9fd59000 	C:\WINDOWS\System32\msvcrt.dll
0x00007ffa9ec00000 - 0x00007ffa9eca3000 	C:\WINDOWS\System32\msvcp_win.dll
0x00007ffa9f710000 - 0x00007ffa9f741000 	C:\WINDOWS\System32\IMM32.DLL
0x00007ffa82f60000 - 0x00007ffa82f6c000 	C:\Users\DELL\.antigravity-ide\extensions\redhat.java-1.56.0-win32-x64\jre\21.0.12.1-win32-x86_64\bin\vcruntime140_1.dll
0x00007ffa79e10000 - 0x00007ffa79e9d000 	C:\Users\DELL\.antigravity-ide\extensions\redhat.java-1.56.0-win32-x64\jre\21.0.12.1-win32-x86_64\bin\msvcp140.dll
0x00007ffa441b0000 - 0x00007ffa44f52000 	C:\Users\DELL\.antigravity-ide\extensions\redhat.java-1.56.0-win32-x64\jre\21.0.12.1-win32-x86_64\bin\server\jvm.dll
0x00007ffa9f640000 - 0x00007ffa9f6fc000 	C:\WINDOWS\System32\ADVAPI32.dll
0x00007ffa9fe30000 - 0x00007ffa9fed9000 	C:\WINDOWS\System32\sechost.dll
0x00007ffaa0890000 - 0x00007ffaa09a8000 	C:\WINDOWS\System32\RPCRT4.dll
0x00007ffa9f5b0000 - 0x00007ffa9f630000 	C:\WINDOWS\System32\WS2_32.dll
0x00007ffa9e150000 - 0x00007ffa9e1ae000 	C:\WINDOWS\SYSTEM32\POWRPROF.dll
0x00007ffa961d0000 - 0x00007ffa96206000 	C:\WINDOWS\SYSTEM32\WINMM.dll
0x00007ffa8f010000 - 0x00007ffa8f01b000 	C:\WINDOWS\SYSTEM32\VERSION.dll
0x00007ffa9e130000 - 0x00007ffa9e145000 	C:\WINDOWS\SYSTEM32\UMPDC.dll
0x00007ffa9cf80000 - 0x00007ffa9cf9b000 	C:\WINDOWS\SYSTEM32\kernel.appcore.dll
0x00007ffa82cc0000 - 0x00007ffa82cca000 	C:\Users\DELL\.antigravity-ide\extensions\redhat.java-1.56.0-win32-x64\jre\21.0.12.1-win32-x86_64\bin\jimage.dll
0x00007ffa9b750000 - 0x00007ffa9b992000 	C:\WINDOWS\SYSTEM32\DBGHELP.DLL
0x00007ffa9f7d0000 - 0x00007ffa9fb54000 	C:\WINDOWS\System32\combase.dll
0x00007ffaa07b0000 - 0x00007ffaa0889000 	C:\WINDOWS\System32\OLEAUT32.dll
0x00007ffa7c9e0000 - 0x00007ffa7ca1b000 	C:\WINDOWS\SYSTEM32\dbgcore.DLL
0x00007ffa9e540000 - 0x00007ffa9e5ec000 	C:\WINDOWS\System32\bcryptPrimitives.dll
0x00007ffa82f40000 - 0x00007ffa82f4f000 	C:\Users\DELL\.antigravity-ide\extensions\redhat.java-1.56.0-win32-x64\jre\21.0.12.1-win32-x86_64\bin\instrument.dll
0x00007ffa82840000 - 0x00007ffa82860000 	C:\Users\DELL\.antigravity-ide\extensions\redhat.java-1.56.0-win32-x64\jre\21.0.12.1-win32-x86_64\bin\java.dll
0x00007ffa9ee10000 - 0x00007ffa9f5a8000 	C:\WINDOWS\System32\SHELL32.dll
0x00007ffa9bd10000 - 0x00007ffa9c5be000 	C:\WINDOWS\SYSTEM32\windows.storage.dll
0x00007ffaa09b0000 - 0x00007ffaa0aab000 	C:\WINDOWS\System32\SHCORE.dll
0x00007ffa9fb80000 - 0x00007ffa9fbe6000 	C:\WINDOWS\System32\shlwapi.dll
0x00007ffa9e210000 - 0x00007ffa9e239000 	C:\WINDOWS\SYSTEM32\profapi.dll
0x00007ffa7cad0000 - 0x00007ffa7cae8000 	C:\Users\DELL\.antigravity-ide\extensions\redhat.java-1.56.0-win32-x64\jre\21.0.12.1-win32-x86_64\bin\zip.dll
0x00007ffa82f30000 - 0x00007ffa82f40000 	C:\Users\DELL\.antigravity-ide\extensions\redhat.java-1.56.0-win32-x64\jre\21.0.12.1-win32-x86_64\bin\net.dll
0x00007ffa959a0000 - 0x00007ffa95aca000 	C:\WINDOWS\SYSTEM32\WINHTTP.dll
0x00007ffa9d520000 - 0x00007ffa9d58c000 	C:\WINDOWS\system32\mswsock.dll
0x00007ffa7cab0000 - 0x00007ffa7cac6000 	C:\Users\DELL\.antigravity-ide\extensions\redhat.java-1.56.0-win32-x64\jre\21.0.12.1-win32-x86_64\bin\nio.dll
0x00007ffa82cb0000 - 0x00007ffa82cc0000 	C:\Users\DELL\.antigravity-ide\extensions\redhat.java-1.56.0-win32-x64\jre\21.0.12.1-win32-x86_64\bin\verify.dll
0x00007ffa7cfa0000 - 0x00007ffa7cfc7000 	C:\Users\DELL\.gradle\native\c067742578af261105cb4f569cf0c3c89f3d7b1fecec35dd04571415982c5e48\windows-amd64\native-platform.dll
0x00007ffa4f5b0000 - 0x00007ffa4f6f4000 	C:\Users\DELL\.gradle\native\100fb08df4bc3b14c8652ba06237920a3bd2aa13389f12d3474272988ae205f9\windows-amd64\native-platform-file-events.dll
0x00007ffa808a0000 - 0x00007ffa808aa000 	C:\Users\DELL\.antigravity-ide\extensions\redhat.java-1.56.0-win32-x64\jre\21.0.12.1-win32-x86_64\bin\management.dll
0x00007ffa7d070000 - 0x00007ffa7d07c000 	C:\Users\DELL\.antigravity-ide\extensions\redhat.java-1.56.0-win32-x64\jre\21.0.12.1-win32-x86_64\bin\management_ext.dll
0x00007ffaa0c00000 - 0x00007ffaa0c08000 	C:\WINDOWS\System32\PSAPI.DLL
0x00007ffa9d940000 - 0x00007ffa9d95b000 	C:\WINDOWS\SYSTEM32\CRYPTSP.dll
0x00007ffa9cee0000 - 0x00007ffa9cf19000 	C:\WINDOWS\system32\rsaenh.dll
0x00007ffa9d5d0000 - 0x00007ffa9d604000 	C:\WINDOWS\SYSTEM32\USERENV.dll
0x00007ffa9e1e0000 - 0x00007ffa9e20a000 	C:\WINDOWS\SYSTEM32\bcrypt.dll
0x00007ffa9d780000 - 0x00007ffa9d78c000 	C:\WINDOWS\SYSTEM32\CRYPTBASE.dll
0x00007ffa9c930000 - 0x00007ffa9c963000 	C:\WINDOWS\SYSTEM32\IPHLPAPI.DLL
0x00007ffa9fc70000 - 0x00007ffa9fc7a000 	C:\WINDOWS\System32\NSI.dll
0x00007ffa7ce40000 - 0x00007ffa7ce49000 	C:\Users\DELL\.antigravity-ide\extensions\redhat.java-1.56.0-win32-x64\jre\21.0.12.1-win32-x86_64\bin\extnet.dll
0x00007ffa7d030000 - 0x00007ffa7d03e000 	C:\Users\DELL\.antigravity-ide\extensions\redhat.java-1.56.0-win32-x64\jre\21.0.12.1-win32-x86_64\bin\sunmscapi.dll
0x00007ffa9e2f0000 - 0x00007ffa9e46e000 	C:\WINDOWS\System32\CRYPT32.dll
0x00007ffa9dab0000 - 0x00007ffa9dae0000 	C:\WINDOWS\SYSTEM32\ncrypt.dll
0x00007ffa9da60000 - 0x00007ffa9da9f000 	C:\WINDOWS\SYSTEM32\NTASN1.dll
0x00007ffa35830000 - 0x00007ffa35838000 	C:\WINDOWS\system32\wshunix.dll

JVMTI agents:
C:\Users\DELL\.gradle\wrapper\dists\gradle-8.9-bin\90cnw93cvbtalezasaz0blq0a\gradle-8.9\lib\agents\gradle-instrumentation-agent-8.9.jar path:C:\Users\DELL\.antigravity-ide\extensions\redhat.java-1.56.0-win32-x64\jre\21.0.12.1-win32-x86_64\bin\instrument.dll, loaded, initialized, instrumentlib options:none

dbghelp: loaded successfully - version: 4.0.5 - missing functions: none
symbol engine: initialized successfully - sym options: 0x614 - pdb path: .;C:\Users\DELL\.antigravity-ide\extensions\redhat.java-1.56.0-win32-x64\jre\21.0.12.1-win32-x86_64\bin;C:\WINDOWS\SYSTEM32;C:\WINDOWS\WinSxS\amd64_microsoft.windows.common-controls_6595b64144ccf1df_6.0.26100.9278_none_3e0d1ba8e3303201;C:\Users\DELL\.antigravity-ide\extensions\redhat.java-1.56.0-win32-x64\jre\21.0.12.1-win32-x86_64\bin\server;C:\Users\DELL\.gradle\native\c067742578af261105cb4f569cf0c3c89f3d7b1fecec35dd04571415982c5e48\windows-amd64;C:\Users\DELL\.gradle\native\100fb08df4bc3b14c8652ba06237920a3bd2aa13389f12d3474272988ae205f9\windows-amd64

VM Arguments:
jvm_args: --add-opens=java.base/java.util=ALL-UNNAMED --add-opens=java.base/java.lang=ALL-UNNAMED --add-opens=java.base/java.lang.invoke=ALL-UNNAMED --add-opens=java.prefs/java.util.prefs=ALL-UNNAMED --add-exports=jdk.compiler/com.sun.tools.javac.api=ALL-UNNAMED --add-exports=jdk.compiler/com.sun.tools.javac.util=ALL-UNNAMED --add-opens=java.base/java.nio.charset=ALL-UNNAMED --add-opens=java.base/java.net=ALL-UNNAMED --add-opens=java.base/java.util.concurrent.atomic=ALL-UNNAMED -XX:MaxMetaspaceSize=384m -XX:+HeapDumpOnOutOfMemoryError -Xms256m -Xmx512m -Dfile.encoding=utf8 -Duser.country=ZA -Duser.language=en -Duser.variant -javaagent:C:\Users\DELL\.gradle\wrapper\dists\gradle-8.9-bin\90cnw93cvbtalezasaz0blq0a\gradle-8.9\lib\agents\gradle-instrumentation-agent-8.9.jar 
java_command: org.gradle.launcher.daemon.bootstrap.GradleDaemon 8.9
java_class_path (initial): C:\Users\DELL\.gradle\wrapper\dists\gradle-8.9-bin\90cnw93cvbtalezasaz0blq0a\gradle-8.9\lib\gradle-daemon-main-8.9.jar
Launcher Type: SUN_STANDARD

[Global flags]
     intx CICompilerCount                          = 4                                         {product} {ergonomic}
   size_t CompressedClassSpaceSize                 = 335544320                                 {product} {ergonomic}
     uint ConcGCThreads                            = 2                                         {product} {ergonomic}
     uint G1ConcRefinementThreads                  = 8                                         {product} {ergonomic}
   size_t G1HeapRegionSize                         = 1048576                                   {product} {ergonomic}
    uintx GCDrainStackTargetSize                   = 64                                        {product} {ergonomic}
     bool HeapDumpOnOutOfMemoryError               = true                                   {manageable} {command line}
   size_t InitialHeapSize                          = 268435456                                 {product} {command line}
   size_t MarkStackSize                            = 4194304                                   {product} {ergonomic}
   size_t MaxHeapSize                              = 536870912                                 {product} {command line}
   size_t MaxMetaspaceSize                         = 402653184                                 {product} {command line}
   size_t MaxNewSize                               = 321912832                                 {product} {ergonomic}
   size_t MinHeapDeltaBytes                        = 1048576                                   {product} {ergonomic}
   size_t MinHeapSize                              = 268435456                                 {product} {command line}
    uintx NonNMethodCodeHeapSize                   = 5839372                                {pd product} {ergonomic}
    uintx NonProfiledCodeHeapSize                  = 122909434                              {pd product} {ergonomic}
    uintx ProfiledCodeHeapSize                     = 122909434                              {pd product} {ergonomic}
    uintx ReservedCodeCacheSize                    = 251658240                              {pd product} {ergonomic}
     bool SegmentedCodeCache                       = true                                      {product} {ergonomic}
   size_t SoftMaxHeapSize                          = 536870912                              {manageable} {ergonomic}
     bool UseCompressedOops                        = true                           {product lp64_product} {ergonomic}
     bool UseG1GC                                  = true                                      {product} {ergonomic}
     bool UseLargePagesIndividualAllocation        = false                                  {pd product} {ergonomic}

Logging:
Log output configuration:
 #0: stdout all=warning uptime,level,tags foldmultilines=false
 #1: stderr all=off uptime,level,tags foldmultilines=false

Release file:
JAVA_VERSION="21.0.12.1" 
MODULES="java.base java.compiler java.datatransfer java.xml java.prefs java.desktop java.instrument java.logging java.management java.security.sasl java.naming java.rmi java.management.rmi java.net.http java.scripting java.security.jgss java.transaction.xa java.sql java.sql.rowset java.xml.crypto java.se java.smartcardio jdk.accessibility jdk.internal.jvmstat jdk.attach jdk.charsets jdk.internal.opt jdk.zipfs jdk.compiler jdk.crypto.ec jdk.crypto.cryptoki jdk.crypto.mscapi jdk.dynalink jdk.internal.ed jdk.editpad jdk.hotspot.agent jdk.httpserver jdk.internal.le jdk.internal.vm.ci jdk.internal.vm.compiler jdk.internal.vm.compiler.management jdk.jartool jdk.javadoc jdk.jcmd jdk.management jdk.management.agent jdk.jconsole jdk.jdeps jdk.jdwp.agent jdk.jdi jdk.jfr jdk.jshell jdk.jsobject jdk.jstatd jdk.localedata jdk.management.jfr jdk.naming.dns jdk.naming.rmi jdk.net jdk.nio.mapmode jdk.random jdk.sctp jdk.security.auth jdk.security.jgss jdk.unsupported jdk.unsupported.desktop jdk.xml.dom" 

Environment Variables:
JAVA_HOME=C:\Program Files\Java\jdk-21.0.12.1
PATH=C:\Program Files\Common Files\Oracle\Java\javapath;C:\WINDOWS\system32;C:\WINDOWS;C:\WINDOWS\System32\Wbem;C:\WINDOWS\System32\WindowsPowerShell\v1.0\;C:\WINDOWS\System32\OpenSSH\;C:\Program Files\dotnet\;C:\Program Files\nodejs\;C:\ProgramData\chocolatey\bin;C:\Program Files\Git\cmd;C:\Program Files\Docker\Docker\resources\bin;c:\dev\platform-tools;C:\Users\DELL\AppData\Local\Programs\Python\Python312\Scripts\;C:\Users\DELL\AppData\Local\Programs\Python\Python312\;C:\Users\DELL\AppData\Local\Programs\Python\Launcher\;C:\Program Files\MySQL\MySQL Shell 8.0\bin\;C:\Users\DELL\AppData\Local\Microsoft\WindowsApps;C:\Users\DELL\AppData\Local\Programs\Microsoft VS Code\bin;C:\Users\DELL\.dotnet\tools;C:\Users\DELL\AppData\Roaming\npm;C:\ProgramData\DELL\GitHubDesktop\bin;C:\Users\DELL\AppData\Local\GitHubDesktop\bin;C:\Users\DELL\AppData\Local\Programs\Antigravity\bin;C:\Users\DELL\AppData\Local\Programs\Antigravity IDE\bin;
USERNAME=DELL
OS=Windows_NT
PROCESSOR_IDENTIFIER=Intel64 Family 6 Model 140 Stepping 1, GenuineIntel
TMP=C:\Users\DELL\AppData\Local\Temp
TEMP=C:\Users\DELL\AppData\Local\Temp




Periodic native trim disabled

---------------  S Y S T E M  ---------------

OS:
 Windows 11 , 64 bit Build 26100 (10.0.26100.9278)
OS uptime: 13 days 2:50 hours
Hyper-V role detected

CPU: total 8 (initial active 8) (4 cores per cpu, 2 threads per core) family 6 model 140 stepping 1 microcode 0xbe, cx8, cmov, fxsr, ht, mmx, 3dnowpref, sse, sse2, sse3, ssse3, sse4.1, sse4.2, popcnt, lzcnt, tsc, tscinvbit, avx, avx2, aes, erms, clmul, bmi1, bmi2, adx, avx512f, avx512dq, avx512cd, avx512bw, avx512vl, sha, fma, vzeroupper, avx512_vpopcntdq, avx512_vpclmulqdq, avx512_vaes, avx512_vnni, clflush, clflushopt, clwb, avx512_vbmi2, avx512_vbmi, hv, rdtscp, rdpid, fsrm, gfni, avx512_bitalg, f16c, cet_ibt, cet_ss, avx512_ifma
Processor Information for the first 8 processors :
  Max Mhz: 2803, Current Mhz: 2803, Mhz Limit: 2803

Memory: 4k page, system-wide physical 7926M (69M free)
TotalPageFile size 32502M (AvailPageFile size 3M)
current process WorkingSet (physical memory assigned to process): 227M, peak: 265M
current process commit charge ("private bytes"): 447M, peak: 450M

vm_info: OpenJDK 64-Bit Server VM (21.0.12.1+1-LTS) for windows-amd64 JRE (21.0.12.1+1-LTS), built on 2026-08-18T00:00:00Z by "admin" with MS VC++ 17.12 (VS2022)

END.
